[2026-07-07 23:08:41] [INFO] === Hetzner K3S Server Creation ===
[2026-07-07 23:08:41] [INFO] Log file: hcloud_create_servers_1783458521.log
[2026-07-07 23:08:41] [INFO] Validating prerequisites...
[2026-07-07 23:08:41] [SUCCESS] hcloud CLI found: hcloud v1.43.1
[2026-07-07 23:08:41] [SUCCESS] HCLOUD_TOKEN authenticated
[2026-07-07 23:08:41] [SUCCESS] SSH key 'SN_SSH' found
[2026-07-07 23:08:41] [SUCCESS] Private network 'k3s-int-net-1' found
[2026-07-07 23:08:41] [INFO] Verifying image availability...
[2026-07-07 23:08:42] [INFO] Creating 3 master node(s)...
[2026-07-07 23:08:42] [INFO] Server 'k3s-master-1' already exists — skipping
[2026-07-07 23:08:42] [INFO] Retrieving IP address for 'k3s-master-1'...
[2026-07-07 23:08:42] [SUCCESS] Public IP: 91.98.125.143
[2026-07-07 23:08:42] [SUCCESS] Exported: IP_MASTER_1=91.98.125.143
[2026-07-07 23:08:47] [INFO] Server 'k3s-master-2' already exists — skipping
[2026-07-07 23:08:47] [INFO] Retrieving IP address for 'k3s-master-2'...
[2026-07-07 23:08:48] [SUCCESS] Public IP: 49.13.48.105
[2026-07-07 23:08:48] [SUCCESS] Exported: IP_MASTER_2=49.13.48.105
[2026-07-07 23:08:53] [INFO] Server 'k3s-master-3' does not exist — creating new
[2026-07-07 23:08:53] [INFO] Creating server 'k3s-master-3' with type=cx23, image=403783838, location=hel1
[2026-07-07 23:09:15] [SUCCESS] Server 'k3s-master-3' created successfully
[2026-07-07 23:09:15] [INFO] Waiting for server 'k3s-master-3' to be ready (max 30s)...
[2026-07-07 23:09:15] [INFO] Server status: unknown (waiting...)
[2026-07-07 23:09:20] [INFO] Server status: unknown (waiting...)
[2026-07-07 23:09:25] [INFO] Server status: unknown (waiting...)
[2026-07-07 23:09:30] [INFO] Server status: unknown (waiting...)
[2026-07-07 23:09:36] [INFO] Server status: unknown (waiting...)
[2026-07-07 23:09:41] [INFO] Server status: unknown (waiting...)
[2026-07-07 23:09:46] [WARN] Timeout waiting for server 'k3s-master-3' to be ready
[2026-07-07 23:09:46] [INFO] Attaching server 'k3s-master-3' to network 'k3s-int-net-1'...
[2026-07-07 23:09:55] [SUCCESS] Server 'k3s-master-3' attached to network
[2026-07-07 23:09:55] [INFO] Retrieving IP address for 'k3s-master-3'...
[2026-07-07 23:09:55] [SUCCESS] Public IP: 204.168.232.101
[2026-07-07 23:09:55] [INFO] Private IP: 10.0.0.2
[2026-07-07 23:09:55] [SUCCESS] Exported: IP_MASTER_3=204.168.232.101
[2026-07-07 23:09:55] [INFO] Creating 1 worker node(s)...
[2026-07-07 23:09:55] [INFO] Server 'k3s-worker-1' does not exist — creating new
[2026-07-07 23:09:55] [INFO] Creating server 'k3s-worker-1' with type=cx23, image=403783838, location=fsn1
[2026-07-07 23:10:10] [SUCCESS] Server 'k3s-worker-1' created successfully
[2026-07-07 23:10:10] [INFO] Waiting for server 'k3s-worker-1' to be ready (max 30s)...
[2026-07-07 23:10:11] [INFO] Server status: unknown (waiting...)
[2026-07-07 23:10:16] [INFO] Server status: unknown (waiting...)
[2026-07-07 23:10:21] [INFO] Server status: unknown (waiting...)
[2026-07-07 23:10:27] [INFO] Server status: unknown (waiting...)
[2026-07-07 23:10:32] [INFO] Server status: unknown (waiting...)
[2026-07-07 23:10:37] [INFO] Server status: unknown (waiting...)
[2026-07-07 23:10:42] [WARN] Timeout waiting for server 'k3s-worker-1' to be ready
[2026-07-07 23:10:42] [INFO] Attaching server 'k3s-worker-1' to network 'k3s-int-net-1'...
[2026-07-07 23:10:50] [SUCCESS] Server 'k3s-worker-1' attached to network
[2026-07-07 23:10:50] [INFO] Retrieving IP address for 'k3s-worker-1'...
[2026-07-07 23:10:51] [SUCCESS] Public IP: 46.225.150.185
[2026-07-07 23:10:51] [INFO] Private IP: 10.0.0.3
[2026-07-07 23:10:51] [SUCCESS] Exported: IP_WORKER_1=46.225.150.185
[2026-07-07 23:10:51] [INFO] Exporting server inventory...
[2026-07-07 23:10:51] [SUCCESS] IPs exported to hcloud_server_ips.env
[2026-07-07 23:10:51] [INFO] Exporting Ansible inventory...
[2026-07-07 23:10:51] [SUCCESS] Ansible inventory exported to hcloud_servers_inventory.yml
[2026-07-07 23:10:51] [INFO] ==========================================
[2026-07-07 23:10:51] [INFO] K3S SERVER CREATION SUMMARY
[2026-07-07 23:10:51] [INFO] ==========================================
[2026-07-07 23:10:51] [INFO] Masters: 3
[2026-07-07 23:10:51] [INFO] Workers: 1
[2026-07-07 23:10:51] [INFO] Total Servers: 4
[2026-07-07 23:10:51] [INFO] 
[2026-07-07 23:10:51] [INFO] Master IPs:
[2026-07-07 23:10:51] [INFO]   k3s-master-1: 91.98.125.143
[2026-07-07 23:10:51] [INFO]   k3s-master-2: 49.13.48.105
[2026-07-07 23:10:51] [INFO]   k3s-master-3: 204.168.232.101
[2026-07-07 23:10:51] [INFO] 
[2026-07-07 23:10:51] [INFO] Worker IPs:
[2026-07-07 23:10:51] [INFO]   k3s-worker-1: 46.225.150.185
[2026-07-07 23:10:51] [INFO] 
[2026-07-07 23:10:51] [INFO] Next Steps:
[2026-07-07 23:10:51] [INFO]   1. source hcloud_server_ips.env
[2026-07-07 23:10:51] [INFO]   2. Wait for servers to boot (2-3 minutes)
[2026-07-07 23:10:51] [INFO]   3. Run Ansible bootstrap: ansible-playbook bootstrap-os.yml
[2026-07-07 23:10:51] [INFO]   4. Install K3S: ansible-playbook install-k3s-servers.yml
[2026-07-07 23:10:51] [INFO] 
[2026-07-07 23:10:51] [INFO] Log file: hcloud_create_servers_1783458521.log
[2026-07-07 23:10:51] [INFO] ==========================================
[2026-07-07 23:10:51] [SUCCESS] Server creation completed successfully!
