[2026-07-05 10:47:06] [INFO] === Hetzner K3S Server Creation ===
[2026-07-05 10:47:06] [INFO] Log file: hcloud_create_servers_1783241226.log
[2026-07-05 10:47:06] [INFO] Validating prerequisites...
[2026-07-05 10:47:06] [SUCCESS] hcloud CLI found: hcloud v1.43.1
[2026-07-05 10:47:06] [SUCCESS] HCLOUD_TOKEN authenticated
[2026-07-05 10:47:06] [SUCCESS] SSH key 'SN_SSH' found
[2026-07-05 10:47:06] [SUCCESS] Private network 'k3s-int-net-1' found
[2026-07-05 10:47:06] [INFO] Verifying image availability...
[2026-07-05 10:47:07] [INFO] Creating 3 master node(s)...
[2026-07-05 10:47:07] [INFO] Processing server: k3s-master-1 (role: master)
[2026-07-05 10:47:07] [INFO] Server 'k3s-master-1' already exists
[2026-07-05 10:47:07] [WARN] Server exists but UPDATE=0. Deleting and recreating...
[2026-07-05 10:47:07] [WARN] Deleting server 'k3s-master-1'...
Server k3s-master-1 deleted
[2026-07-05 10:47:20] [SUCCESS] Server 'k3s-master-1' deleted successfully
[2026-07-05 10:47:20] [INFO] Creating server 'k3s-master-1' with type=cx23, image=403783838, location=nbg1
[2026-07-05 10:47:37] [SUCCESS] Server 'k3s-master-1' created successfully
[2026-07-05 10:47:37] [INFO] Waiting for server 'k3s-master-1' to be ready (max 30s)...
[2026-07-05 10:47:37] [INFO] Server status: unknown (waiting...)
[2026-07-05 10:47:42] [INFO] Server status: unknown (waiting...)
[2026-07-05 10:47:48] [INFO] Server status: unknown (waiting...)
[2026-07-05 10:47:53] [INFO] Server status: unknown (waiting...)
[2026-07-05 10:47:58] [INFO] Server status: unknown (waiting...)
[2026-07-05 10:48:03] [INFO] Server status: unknown (waiting...)
[2026-07-05 10:48:08] [WARN] Timeout waiting for server 'k3s-master-1' to be ready
[2026-07-05 10:48:08] [INFO] Attaching server 'k3s-master-1' to network 'k3s-int-net-1'...
[2026-07-05 10:48:16] [SUCCESS] Server 'k3s-master-1' attached to network
[2026-07-05 10:48:16] [INFO] Retrieving IP address for 'k3s-master-1'...
[2026-07-05 10:48:17] [SUCCESS] Public IP: 91.98.125.143
[2026-07-05 10:48:17] [INFO] Private IP: 10.0.0.2
[2026-07-05 10:48:17] [SUCCESS] Exported: IP_MASTER_1=91.98.125.143
[2026-07-05 10:48:22] [INFO] Processing server: k3s-master-2 (role: master)
[2026-07-05 10:48:22] [INFO] Server 'k3s-master-2' already exists
[2026-07-05 10:48:22] [WARN] Server exists but UPDATE=0. Deleting and recreating...
[2026-07-05 10:48:22] [WARN] Deleting server 'k3s-master-2'...
Server k3s-master-2 deleted
[2026-07-05 10:48:37] [SUCCESS] Server 'k3s-master-2' deleted successfully
[2026-07-05 10:48:37] [INFO] Creating server 'k3s-master-2' with type=cx23, image=403783838, location=nbg1
[2026-07-05 10:48:55] [SUCCESS] Server 'k3s-master-2' created successfully
[2026-07-05 10:48:55] [INFO] Waiting for server 'k3s-master-2' to be ready (max 30s)...
[2026-07-05 10:48:55] [INFO] Server status: unknown (waiting...)
[2026-07-05 10:49:00] [INFO] Server status: unknown (waiting...)
[2026-07-05 10:49:06] [INFO] Server status: unknown (waiting...)
[2026-07-05 10:49:11] [INFO] Server status: unknown (waiting...)
[2026-07-05 10:49:16] [INFO] Server status: unknown (waiting...)
[2026-07-05 10:49:21] [INFO] Server status: unknown (waiting...)
[2026-07-05 10:49:26] [WARN] Timeout waiting for server 'k3s-master-2' to be ready
[2026-07-05 10:49:26] [INFO] Attaching server 'k3s-master-2' to network 'k3s-int-net-1'...
[2026-07-05 10:49:36] [SUCCESS] Server 'k3s-master-2' attached to network
[2026-07-05 10:49:36] [INFO] Retrieving IP address for 'k3s-master-2'...
[2026-07-05 10:49:36] [SUCCESS] Public IP: 167.233.146.216
[2026-07-05 10:49:36] [INFO] Private IP: 10.0.0.3
[2026-07-05 10:49:36] [SUCCESS] Exported: IP_MASTER_2=167.233.146.216
[2026-07-05 10:49:41] [INFO] Processing server: k3s-master-3 (role: master)
[2026-07-05 10:49:41] [INFO] Server 'k3s-master-3' already exists
[2026-07-05 10:49:41] [WARN] Server exists but UPDATE=0. Deleting and recreating...
[2026-07-05 10:49:41] [WARN] Deleting server 'k3s-master-3'...
Server k3s-master-3 deleted
[2026-07-05 10:49:57] [SUCCESS] Server 'k3s-master-3' deleted successfully
[2026-07-05 10:49:57] [INFO] Creating server 'k3s-master-3' with type=cx23, image=403783838, location=nbg1
[2026-07-05 10:50:10] [SUCCESS] Server 'k3s-master-3' created successfully
[2026-07-05 10:50:10] [INFO] Waiting for server 'k3s-master-3' to be ready (max 30s)...
[2026-07-05 10:50:11] [INFO] Server status: unknown (waiting...)
[2026-07-05 10:50:16] [INFO] Server status: unknown (waiting...)
[2026-07-05 10:50:21] [INFO] Server status: unknown (waiting...)
[2026-07-05 10:50:26] [INFO] Server status: unknown (waiting...)
[2026-07-05 10:50:31] [INFO] Server status: unknown (waiting...)
[2026-07-05 10:50:37] [INFO] Server status: unknown (waiting...)
[2026-07-05 10:50:42] [WARN] Timeout waiting for server 'k3s-master-3' to be ready
[2026-07-05 10:50:42] [INFO] Attaching server 'k3s-master-3' to network 'k3s-int-net-1'...
[2026-07-05 10:50:50] [SUCCESS] Server 'k3s-master-3' attached to network
[2026-07-05 10:50:50] [INFO] Retrieving IP address for 'k3s-master-3'...
[2026-07-05 10:50:50] [SUCCESS] Public IP: 167.233.155.87
[2026-07-05 10:50:50] [INFO] Private IP: 10.0.0.6
[2026-07-05 10:50:50] [SUCCESS] Exported: IP_MASTER_3=167.233.155.87
[2026-07-05 10:50:50] [INFO] Creating 3 worker node(s)...
[2026-07-05 10:50:50] [INFO] Processing server: k3s-worker-1 (role: worker)
[2026-07-05 10:50:50] [INFO] Server 'k3s-worker-1' already exists
[2026-07-05 10:50:50] [WARN] Server exists but UPDATE=0. Deleting and recreating...
[2026-07-05 10:50:50] [WARN] Deleting server 'k3s-worker-1'...
Server k3s-worker-1 deleted
[2026-07-05 10:51:06] [SUCCESS] Server 'k3s-worker-1' deleted successfully
[2026-07-05 10:51:06] [INFO] Creating server 'k3s-worker-1' with type=cx23, image=403783838, location=fsn1
[2026-07-05 10:51:22] [SUCCESS] Server 'k3s-worker-1' created successfully
[2026-07-05 10:51:22] [INFO] Waiting for server 'k3s-worker-1' to be ready (max 30s)...
[2026-07-05 10:51:22] [INFO] Server status: unknown (waiting...)
[2026-07-05 10:51:27] [INFO] Server status: unknown (waiting...)
[2026-07-05 10:51:32] [INFO] Server status: unknown (waiting...)
[2026-07-05 10:51:38] [INFO] Server status: unknown (waiting...)
[2026-07-05 10:51:43] [INFO] Server status: unknown (waiting...)
[2026-07-05 10:51:48] [INFO] Server status: unknown (waiting...)
[2026-07-05 10:51:53] [WARN] Timeout waiting for server 'k3s-worker-1' to be ready
[2026-07-05 10:51:53] [INFO] Attaching server 'k3s-worker-1' to network 'k3s-int-net-1'...
[2026-07-05 10:52:02] [SUCCESS] Server 'k3s-worker-1' attached to network
[2026-07-05 10:52:02] [INFO] Retrieving IP address for 'k3s-worker-1'...
[2026-07-05 10:52:02] [SUCCESS] Public IP: 167.233.206.254
[2026-07-05 10:52:02] [INFO] Private IP: 10.0.0.4
[2026-07-05 10:52:02] [SUCCESS] Exported: IP_WORKER_1=167.233.206.254
[2026-07-05 10:52:07] [INFO] Processing server: k3s-worker-2 (role: worker)
[2026-07-05 10:52:07] [INFO] Server 'k3s-worker-2' already exists
[2026-07-05 10:52:07] [WARN] Server exists but UPDATE=0. Deleting and recreating...
[2026-07-05 10:52:07] [WARN] Deleting server 'k3s-worker-2'...
Server k3s-worker-2 deleted
[2026-07-05 10:52:31] [SUCCESS] Server 'k3s-worker-2' deleted successfully
[2026-07-05 10:52:31] [INFO] Creating server 'k3s-worker-2' with type=cx23, image=403783838, location=fsn1
[2026-07-05 10:52:46] [SUCCESS] Server 'k3s-worker-2' created successfully
[2026-07-05 10:52:46] [INFO] Waiting for server 'k3s-worker-2' to be ready (max 30s)...
[2026-07-05 10:52:46] [INFO] Server status: unknown (waiting...)
[2026-07-05 10:52:51] [INFO] Server status: unknown (waiting...)
[2026-07-05 10:52:56] [INFO] Server status: unknown (waiting...)
[2026-07-05 10:53:01] [INFO] Server status: unknown (waiting...)
[2026-07-05 10:53:07] [INFO] Server status: unknown (waiting...)
[2026-07-05 10:53:12] [INFO] Server status: unknown (waiting...)
[2026-07-05 10:53:17] [WARN] Timeout waiting for server 'k3s-worker-2' to be ready
[2026-07-05 10:53:17] [INFO] Attaching server 'k3s-worker-2' to network 'k3s-int-net-1'...
[2026-07-05 10:53:27] [SUCCESS] Server 'k3s-worker-2' attached to network
[2026-07-05 10:53:27] [INFO] Retrieving IP address for 'k3s-worker-2'...
[2026-07-05 10:53:28] [SUCCESS] Public IP: 167.233.238.213
[2026-07-05 10:53:28] [INFO] Private IP: 10.0.0.5
[2026-07-05 10:53:28] [SUCCESS] Exported: IP_WORKER_2=167.233.238.213
[2026-07-05 10:53:33] [INFO] Processing server: k3s-worker-3 (role: worker)
[2026-07-05 10:53:33] [INFO] Server 'k3s-worker-3' already exists
[2026-07-05 10:53:33] [WARN] Server exists but UPDATE=0. Deleting and recreating...
[2026-07-05 10:53:33] [WARN] Deleting server 'k3s-worker-3'...
Server k3s-worker-3 deleted
[2026-07-05 10:53:51] [SUCCESS] Server 'k3s-worker-3' deleted successfully
[2026-07-05 10:53:51] [INFO] Creating server 'k3s-worker-3' with type=cx23, image=403783838, location=fsn1
[2026-07-05 10:54:04] [SUCCESS] Server 'k3s-worker-3' created successfully
[2026-07-05 10:54:04] [INFO] Waiting for server 'k3s-worker-3' to be ready (max 30s)...
[2026-07-05 10:54:04] [INFO] Server status: unknown (waiting...)
[2026-07-05 10:54:09] [INFO] Server status: unknown (waiting...)
[2026-07-05 10:54:14] [INFO] Server status: unknown (waiting...)
[2026-07-05 10:54:19] [INFO] Server status: unknown (waiting...)
[2026-07-05 10:54:25] [INFO] Server status: unknown (waiting...)
[2026-07-05 10:54:30] [INFO] Server status: unknown (waiting...)
[2026-07-05 10:54:35] [WARN] Timeout waiting for server 'k3s-worker-3' to be ready
[2026-07-05 10:54:35] [INFO] Attaching server 'k3s-worker-3' to network 'k3s-int-net-1'...
[2026-07-05 10:54:44] [SUCCESS] Server 'k3s-worker-3' attached to network
[2026-07-05 10:54:44] [INFO] Retrieving IP address for 'k3s-worker-3'...
[2026-07-05 10:54:44] [SUCCESS] Public IP: 46.225.150.185
[2026-07-05 10:54:44] [INFO] Private IP: 10.0.0.7
[2026-07-05 10:54:44] [SUCCESS] Exported: IP_WORKER_3=46.225.150.185
[2026-07-05 10:54:44] [INFO] Exporting server inventory...
[2026-07-05 10:54:44] [SUCCESS] IPs exported to hcloud_server_ips.env
[2026-07-05 10:54:44] [INFO] Exporting Ansible inventory...
[2026-07-05 10:54:44] [SUCCESS] Ansible inventory exported to hcloud_servers_inventory.yml
[2026-07-05 10:54:44] [INFO] ==========================================
[2026-07-05 10:54:44] [INFO] K3S SERVER CREATION SUMMARY
[2026-07-05 10:54:44] [INFO] ==========================================
[2026-07-05 10:54:44] [INFO] Masters: 3
[2026-07-05 10:54:44] [INFO] Workers: 3
[2026-07-05 10:54:44] [INFO] Total Servers: 6
[2026-07-05 10:54:44] [INFO] 
[2026-07-05 10:54:44] [INFO] Master IPs:
[2026-07-05 10:54:44] [INFO]   k3s-master-1: 91.98.125.143
[2026-07-05 10:54:44] [INFO]   k3s-master-2: 167.233.146.216
[2026-07-05 10:54:44] [INFO]   k3s-master-3: 167.233.155.87
[2026-07-05 10:54:44] [INFO] 
[2026-07-05 10:54:44] [INFO] Worker IPs:
[2026-07-05 10:54:44] [INFO]   k3s-worker-1: 167.233.206.254
[2026-07-05 10:54:44] [INFO]   k3s-worker-2: 167.233.238.213
[2026-07-05 10:54:44] [INFO]   k3s-worker-3: 46.225.150.185
[2026-07-05 10:54:44] [INFO] 
[2026-07-05 10:54:44] [INFO] Next Steps:
[2026-07-05 10:54:44] [INFO]   1. source hcloud_server_ips.env
[2026-07-05 10:54:44] [INFO]   2. Wait for servers to boot (2-3 minutes)
[2026-07-05 10:54:44] [INFO]   3. Run Ansible bootstrap: ansible-playbook bootstrap-os.yml
[2026-07-05 10:54:44] [INFO]   4. Install K3S: ansible-playbook install-k3s-servers.yml
[2026-07-05 10:54:44] [INFO] 
[2026-07-05 10:54:44] [INFO] Log file: hcloud_create_servers_1783241226.log
[2026-07-05 10:54:44] [INFO] ==========================================
[2026-07-05 10:54:44] [SUCCESS] Server creation completed successfully!
