[2026-07-04 15:20:02] [INFO] === Hetzner K3S Server Creation ===
[2026-07-04 15:20:02] [INFO] Log file: hcloud_create_servers_1783171202.log
[2026-07-04 15:20:02] [INFO] Validating prerequisites...
[2026-07-04 15:20:02] [SUCCESS] hcloud CLI found: hcloud v1.43.1
[2026-07-04 15:20:02] [SUCCESS] HCLOUD_TOKEN authenticated
[2026-07-04 15:20:02] [SUCCESS] SSH key 'SN_SSH' found
[2026-07-04 15:20:02] [SUCCESS] Private network 'k3s-int-net-1' found
[2026-07-04 15:20:02] [INFO] Verifying image availability...
[2026-07-04 15:20:02] [INFO] Creating 3 master node(s)...
[2026-07-04 15:20:03] [INFO] Processing server: k3s-master-1 (role: master)
[2026-07-04 15:20:03] [INFO] Server 'k3s-master-1' already exists
[2026-07-04 15:20:03] [WARN] Server exists but UPDATE=0. Deleting and recreating...
[2026-07-04 15:20:03] [WARN] Deleting server 'k3s-master-1'...
Server k3s-master-1 deleted
[2026-07-04 15:20:22] [SUCCESS] Server 'k3s-master-1' deleted successfully
[2026-07-04 15:20:22] [INFO] Creating server 'k3s-master-1' with type=cx23, image=403783838, location=nbg1
[2026-07-04 15:20:33] [SUCCESS] Server 'k3s-master-1' created successfully
[2026-07-04 15:20:33] [INFO] Waiting for server 'k3s-master-1' to be ready (max 30s)...
[2026-07-04 15:20:33] [INFO] Server status: unknown (waiting...)
[2026-07-04 15:20:38] [INFO] Server status: unknown (waiting...)
[2026-07-04 15:20:43] [INFO] Server status: unknown (waiting...)
[2026-07-04 15:20:48] [INFO] Server status: unknown (waiting...)
[2026-07-04 15:20:54] [INFO] Server status: unknown (waiting...)
[2026-07-04 15:20:59] [INFO] Server status: unknown (waiting...)
[2026-07-04 15:21:04] [WARN] Timeout waiting for server 'k3s-master-1' to be ready
[2026-07-04 15:21:04] [INFO] Attaching server 'k3s-master-1' to network 'k3s-int-net-1'...
[2026-07-04 15:21:12] [SUCCESS] Server 'k3s-master-1' attached to network
[2026-07-04 15:21:12] [INFO] Retrieving IP address for 'k3s-master-1'...
[2026-07-04 15:21:12] [SUCCESS] Public IP: 91.98.125.143
[2026-07-04 15:21:12] [INFO] Private IP: 10.0.0.2
[2026-07-04 15:21:12] [SUCCESS] Exported: IP_MASTER_1=91.98.125.143
[2026-07-04 15:21:17] [INFO] Processing server: k3s-master-2 (role: master)
[2026-07-04 15:21:17] [INFO] Server 'k3s-master-2' already exists
[2026-07-04 15:21:17] [WARN] Server exists but UPDATE=0. Deleting and recreating...
[2026-07-04 15:21:17] [WARN] Deleting server 'k3s-master-2'...
Server k3s-master-2 deleted
[2026-07-04 15:21:31] [SUCCESS] Server 'k3s-master-2' deleted successfully
[2026-07-04 15:21:31] [INFO] Creating server 'k3s-master-2' with type=cx23, image=403783838, location=nbg1
[2026-07-04 15:21:50] [SUCCESS] Server 'k3s-master-2' created successfully
[2026-07-04 15:21:50] [INFO] Waiting for server 'k3s-master-2' to be ready (max 30s)...
[2026-07-04 15:21:50] [INFO] Server status: unknown (waiting...)
[2026-07-04 15:21:55] [INFO] Server status: unknown (waiting...)
[2026-07-04 15:22:00] [INFO] Server status: unknown (waiting...)
[2026-07-04 15:22:06] [INFO] Server status: unknown (waiting...)
[2026-07-04 15:22:11] [INFO] Server status: unknown (waiting...)
[2026-07-04 15:22:16] [INFO] Server status: unknown (waiting...)
[2026-07-04 15:22:21] [WARN] Timeout waiting for server 'k3s-master-2' to be ready
[2026-07-04 15:22:21] [INFO] Attaching server 'k3s-master-2' to network 'k3s-int-net-1'...
[2026-07-04 15:22:30] [SUCCESS] Server 'k3s-master-2' attached to network
[2026-07-04 15:22:30] [INFO] Retrieving IP address for 'k3s-master-2'...
[2026-07-04 15:22:31] [SUCCESS] Public IP: 167.233.146.216
[2026-07-04 15:22:31] [INFO] Private IP: 10.0.0.3
[2026-07-04 15:22:31] [SUCCESS] Exported: IP_MASTER_2=167.233.146.216
[2026-07-04 15:22:36] [INFO] Processing server: k3s-master-3 (role: master)
[2026-07-04 15:22:36] [INFO] Server 'k3s-master-3' does not exist - creating new
[2026-07-04 15:22:36] [INFO] Creating server 'k3s-master-3' with type=cx23, image=403783838, location=nbg1
[2026-07-04 15:22:55] [SUCCESS] Server 'k3s-master-3' created successfully
[2026-07-04 15:22:55] [INFO] Waiting for server 'k3s-master-3' to be ready (max 30s)...
[2026-07-04 15:22:55] [INFO] Server status: unknown (waiting...)
[2026-07-04 15:23:00] [INFO] Server status: unknown (waiting...)
[2026-07-04 15:23:05] [INFO] Server status: unknown (waiting...)
[2026-07-04 15:23:10] [INFO] Server status: unknown (waiting...)
[2026-07-04 15:23:16] [INFO] Server status: unknown (waiting...)
[2026-07-04 15:23:21] [INFO] Server status: unknown (waiting...)
[2026-07-04 15:23:26] [WARN] Timeout waiting for server 'k3s-master-3' to be ready
[2026-07-04 15:23:26] [INFO] Attaching server 'k3s-master-3' to network 'k3s-int-net-1'...
[2026-07-04 15:23:37] [SUCCESS] Server 'k3s-master-3' attached to network
[2026-07-04 15:23:37] [INFO] Retrieving IP address for 'k3s-master-3'...
[2026-07-04 15:23:37] [SUCCESS] Public IP: 167.233.155.87
[2026-07-04 15:23:37] [INFO] Private IP: 10.0.0.6
[2026-07-04 15:23:37] [SUCCESS] Exported: IP_MASTER_3=167.233.155.87
[2026-07-04 15:23:37] [INFO] Creating 3 worker node(s)...
[2026-07-04 15:23:37] [INFO] Processing server: k3s-worker-1 (role: worker)
[2026-07-04 15:23:37] [INFO] Server 'k3s-worker-1' already exists
[2026-07-04 15:23:37] [WARN] Server exists but UPDATE=0. Deleting and recreating...
[2026-07-04 15:23:37] [WARN] Deleting server 'k3s-worker-1'...
Server k3s-worker-1 deleted
[2026-07-04 15:23:54] [SUCCESS] Server 'k3s-worker-1' deleted successfully
[2026-07-04 15:23:54] [INFO] Creating server 'k3s-worker-1' with type=cx23, image=403783838, location=fsn1
[2026-07-04 15:24:09] [SUCCESS] Server 'k3s-worker-1' created successfully
[2026-07-04 15:24:09] [INFO] Waiting for server 'k3s-worker-1' to be ready (max 30s)...
[2026-07-04 15:24:09] [INFO] Server status: unknown (waiting...)
[2026-07-04 15:24:14] [INFO] Server status: unknown (waiting...)
[2026-07-04 15:24:19] [INFO] Server status: unknown (waiting...)
[2026-07-04 15:24:25] [INFO] Server status: unknown (waiting...)
[2026-07-04 15:24:30] [INFO] Server status: unknown (waiting...)
[2026-07-04 15:24:35] [INFO] Server status: unknown (waiting...)
[2026-07-04 15:24:40] [WARN] Timeout waiting for server 'k3s-worker-1' to be ready
[2026-07-04 15:24:40] [INFO] Attaching server 'k3s-worker-1' to network 'k3s-int-net-1'...
[2026-07-04 15:24:48] [SUCCESS] Server 'k3s-worker-1' attached to network
[2026-07-04 15:24:48] [INFO] Retrieving IP address for 'k3s-worker-1'...
[2026-07-04 15:24:49] [SUCCESS] Public IP: 167.233.206.254
[2026-07-04 15:24:49] [INFO] Private IP: 10.0.0.4
[2026-07-04 15:24:49] [SUCCESS] Exported: IP_WORKER_1=167.233.206.254
[2026-07-04 15:24:54] [INFO] Processing server: k3s-worker-2 (role: worker)
[2026-07-04 15:24:54] [INFO] Server 'k3s-worker-2' already exists
[2026-07-04 15:24:54] [WARN] Server exists but UPDATE=0. Deleting and recreating...
[2026-07-04 15:24:54] [WARN] Deleting server 'k3s-worker-2'...
Server k3s-worker-2 deleted
[2026-07-04 15:25:13] [SUCCESS] Server 'k3s-worker-2' deleted successfully
[2026-07-04 15:25:13] [INFO] Creating server 'k3s-worker-2' with type=cx23, image=403783838, location=fsn1
[2026-07-04 15:25:27] [SUCCESS] Server 'k3s-worker-2' created successfully
[2026-07-04 15:25:27] [INFO] Waiting for server 'k3s-worker-2' to be ready (max 30s)...
[2026-07-04 15:25:27] [INFO] Server status: unknown (waiting...)
[2026-07-04 15:25:33] [INFO] Server status: unknown (waiting...)
[2026-07-04 15:25:38] [INFO] Server status: unknown (waiting...)
[2026-07-04 15:25:43] [INFO] Server status: unknown (waiting...)
[2026-07-04 15:25:48] [INFO] Server status: unknown (waiting...)
[2026-07-04 15:25:53] [INFO] Server status: unknown (waiting...)
[2026-07-04 15:25:58] [WARN] Timeout waiting for server 'k3s-worker-2' to be ready
[2026-07-04 15:25:58] [INFO] Attaching server 'k3s-worker-2' to network 'k3s-int-net-1'...
[2026-07-04 15:26:07] [SUCCESS] Server 'k3s-worker-2' attached to network
[2026-07-04 15:26:07] [INFO] Retrieving IP address for 'k3s-worker-2'...
[2026-07-04 15:26:07] [SUCCESS] Public IP: 167.233.238.213
[2026-07-04 15:26:07] [INFO] Private IP: 10.0.0.5
[2026-07-04 15:26:07] [SUCCESS] Exported: IP_WORKER_2=167.233.238.213
[2026-07-04 15:26:12] [INFO] Processing server: k3s-worker-3 (role: worker)
[2026-07-04 15:26:12] [INFO] Server 'k3s-worker-3' does not exist - creating new
[2026-07-04 15:26:12] [INFO] Creating server 'k3s-worker-3' with type=cx23, image=403783838, location=fsn1
[2026-07-04 15:26:27] [SUCCESS] Server 'k3s-worker-3' created successfully
[2026-07-04 15:26:27] [INFO] Waiting for server 'k3s-worker-3' to be ready (max 30s)...
[2026-07-04 15:26:27] [INFO] Server status: unknown (waiting...)
[2026-07-04 15:26:33] [INFO] Server status: unknown (waiting...)
[2026-07-04 15:26:38] [INFO] Server status: unknown (waiting...)
[2026-07-04 15:26:43] [INFO] Server status: unknown (waiting...)
[2026-07-04 15:26:48] [INFO] Server status: unknown (waiting...)
[2026-07-04 15:26:53] [INFO] Server status: unknown (waiting...)
[2026-07-04 15:26:58] [WARN] Timeout waiting for server 'k3s-worker-3' to be ready
[2026-07-04 15:26:58] [INFO] Attaching server 'k3s-worker-3' to network 'k3s-int-net-1'...
[2026-07-04 15:27:08] [SUCCESS] Server 'k3s-worker-3' attached to network
[2026-07-04 15:27:08] [INFO] Retrieving IP address for 'k3s-worker-3'...
[2026-07-04 15:27:08] [SUCCESS] Public IP: 46.225.150.185
[2026-07-04 15:27:08] [INFO] Private IP: 10.0.0.7
[2026-07-04 15:27:08] [SUCCESS] Exported: IP_WORKER_3=46.225.150.185
[2026-07-04 15:27:08] [INFO] Exporting server inventory...
[2026-07-04 15:27:08] [SUCCESS] IPs exported to hcloud_server_ips.env
[2026-07-04 15:27:08] [INFO] Exporting Ansible inventory...
[2026-07-04 15:27:08] [SUCCESS] Ansible inventory exported to hcloud_servers_inventory.yml
[2026-07-04 15:27:08] [INFO] ==========================================
[2026-07-04 15:27:08] [INFO] K3S SERVER CREATION SUMMARY
[2026-07-04 15:27:08] [INFO] ==========================================
[2026-07-04 15:27:08] [INFO] Masters: 3
[2026-07-04 15:27:08] [INFO] Workers: 3
[2026-07-04 15:27:08] [INFO] Total Servers: 6
[2026-07-04 15:27:08] [INFO] 
[2026-07-04 15:27:08] [INFO] Master IPs:
[2026-07-04 15:27:08] [INFO]   k3s-master-1: 91.98.125.143
[2026-07-04 15:27:08] [INFO]   k3s-master-2: 167.233.146.216
[2026-07-04 15:27:08] [INFO]   k3s-master-3: 167.233.155.87
[2026-07-04 15:27:08] [INFO] 
[2026-07-04 15:27:08] [INFO] Worker IPs:
[2026-07-04 15:27:08] [INFO]   k3s-worker-1: 167.233.206.254
[2026-07-04 15:27:08] [INFO]   k3s-worker-2: 167.233.238.213
[2026-07-04 15:27:08] [INFO]   k3s-worker-3: 46.225.150.185
[2026-07-04 15:27:08] [INFO] 
[2026-07-04 15:27:08] [INFO] Next Steps:
[2026-07-04 15:27:08] [INFO]   1. source hcloud_server_ips.env
[2026-07-04 15:27:08] [INFO]   2. Wait for servers to boot (2-3 minutes)
[2026-07-04 15:27:08] [INFO]   3. Run Ansible bootstrap: ansible-playbook bootstrap-os.yml
[2026-07-04 15:27:08] [INFO]   4. Install K3S: ansible-playbook install-k3s-servers.yml
[2026-07-04 15:27:08] [INFO] 
[2026-07-04 15:27:08] [INFO] Log file: hcloud_create_servers_1783171202.log
[2026-07-04 15:27:08] [INFO] ==========================================
[2026-07-04 15:27:08] [SUCCESS] Server creation completed successfully!
