[2026-07-05 11:43:45] [INFO] === Hetzner K3S Server Creation ===
[2026-07-05 11:43:45] [INFO] Log file: hcloud_create_servers_1783244625.log
[2026-07-05 11:43:45] [INFO] Validating prerequisites...
[2026-07-05 11:43:45] [SUCCESS] hcloud CLI found: hcloud v1.43.1
[2026-07-05 11:43:45] [SUCCESS] HCLOUD_TOKEN authenticated
[2026-07-05 11:43:45] [SUCCESS] SSH key 'SN_SSH' found
[2026-07-05 11:43:45] [SUCCESS] Private network 'k3s-int-net-1' found
[2026-07-05 11:43:45] [INFO] Verifying image availability...
[2026-07-05 11:43:45] [INFO] Creating 3 master node(s)...
[2026-07-05 11:43:45] [INFO] Processing server: k3s-master-1 (role: master)
[2026-07-05 11:43:46] [INFO] Server 'k3s-master-1' already exists
[2026-07-05 11:43:46] [WARN] Server exists but UPDATE=0. Deleting and recreating...
[2026-07-05 11:43:46] [WARN] Deleting server 'k3s-master-1'...
Server k3s-master-1 deleted
[2026-07-05 11:43:59] [SUCCESS] Server 'k3s-master-1' deleted successfully
[2026-07-05 11:43:59] [INFO] Creating server 'k3s-master-1' with type=cx23, image=403783838, location=nbg1
[2026-07-05 11:44:14] [SUCCESS] Server 'k3s-master-1' created successfully
[2026-07-05 11:44:14] [INFO] Waiting for server 'k3s-master-1' to be ready (max 30s)...
[2026-07-05 11:44:14] [INFO] Server status: unknown (waiting...)
[2026-07-05 11:44:20] [INFO] Server status: unknown (waiting...)
[2026-07-05 11:44:25] [INFO] Server status: unknown (waiting...)
[2026-07-05 11:44:30] [INFO] Server status: unknown (waiting...)
[2026-07-05 11:44:35] [INFO] Server status: unknown (waiting...)
[2026-07-05 11:44:40] [INFO] Server status: unknown (waiting...)
[2026-07-05 11:44:45] [WARN] Timeout waiting for server 'k3s-master-1' to be ready
[2026-07-05 11:44:45] [INFO] Attaching server 'k3s-master-1' to network 'k3s-int-net-1'...
[2026-07-05 11:44:53] [SUCCESS] Server 'k3s-master-1' attached to network
[2026-07-05 11:44:53] [INFO] Retrieving IP address for 'k3s-master-1'...
[2026-07-05 11:44:53] [SUCCESS] Public IP: 91.98.125.143
[2026-07-05 11:44:53] [INFO] Private IP: 10.0.0.2
[2026-07-05 11:44:53] [SUCCESS] Exported: IP_MASTER_1=91.98.125.143
[2026-07-05 11:44:58] [INFO] Processing server: k3s-master-2 (role: master)
[2026-07-05 11:44:59] [INFO] Server 'k3s-master-2' already exists
[2026-07-05 11:44:59] [WARN] Server exists but UPDATE=0. Deleting and recreating...
[2026-07-05 11:44:59] [WARN] Deleting server 'k3s-master-2'...
Server k3s-master-2 deleted
[2026-07-05 11:45:16] [SUCCESS] Server 'k3s-master-2' deleted successfully
[2026-07-05 11:45:16] [INFO] Creating server 'k3s-master-2' with type=cx23, image=403783838, location=nbg1
[2026-07-05 11:45:26] [SUCCESS] Server 'k3s-master-2' created successfully
[2026-07-05 11:45:26] [INFO] Waiting for server 'k3s-master-2' to be ready (max 30s)...
[2026-07-05 11:45:26] [INFO] Server status: unknown (waiting...)
[2026-07-05 11:45:31] [INFO] Server status: unknown (waiting...)
[2026-07-05 11:45:36] [INFO] Server status: unknown (waiting...)
[2026-07-05 11:45:42] [INFO] Server status: unknown (waiting...)
[2026-07-05 11:45:47] [INFO] Server status: unknown (waiting...)
[2026-07-05 11:45:52] [INFO] Server status: unknown (waiting...)
[2026-07-05 11:45:57] [WARN] Timeout waiting for server 'k3s-master-2' to be ready
[2026-07-05 11:45:57] [INFO] Attaching server 'k3s-master-2' to network 'k3s-int-net-1'...
[2026-07-05 11:46:04] [SUCCESS] Server 'k3s-master-2' attached to network
[2026-07-05 11:46:04] [INFO] Retrieving IP address for 'k3s-master-2'...
[2026-07-05 11:46:05] [SUCCESS] Public IP: 167.233.146.216
[2026-07-05 11:46:05] [INFO] Private IP: 10.0.0.3
[2026-07-05 11:46:05] [SUCCESS] Exported: IP_MASTER_2=167.233.146.216
[2026-07-05 11:46:10] [INFO] Processing server: k3s-master-3 (role: master)
[2026-07-05 11:46:10] [INFO] Server 'k3s-master-3' already exists
[2026-07-05 11:46:10] [WARN] Server exists but UPDATE=0. Deleting and recreating...
[2026-07-05 11:46:10] [WARN] Deleting server 'k3s-master-3'...
Server k3s-master-3 deleted
[2026-07-05 11:46:25] [SUCCESS] Server 'k3s-master-3' deleted successfully
[2026-07-05 11:46:25] [INFO] Creating server 'k3s-master-3' with type=cx23, image=403783838, location=nbg1
[2026-07-05 11:46:37] [SUCCESS] Server 'k3s-master-3' created successfully
[2026-07-05 11:46:37] [INFO] Waiting for server 'k3s-master-3' to be ready (max 30s)...
[2026-07-05 11:46:37] [INFO] Server status: unknown (waiting...)
[2026-07-05 11:46:42] [INFO] Server status: unknown (waiting...)
[2026-07-05 11:46:47] [INFO] Server status: unknown (waiting...)
[2026-07-05 11:46:53] [INFO] Server status: unknown (waiting...)
[2026-07-05 11:46:58] [INFO] Server status: unknown (waiting...)
[2026-07-05 11:47:03] [INFO] Server status: unknown (waiting...)
[2026-07-05 11:47:08] [WARN] Timeout waiting for server 'k3s-master-3' to be ready
[2026-07-05 11:47:08] [INFO] Attaching server 'k3s-master-3' to network 'k3s-int-net-1'...
[2026-07-05 11:47:16] [SUCCESS] Server 'k3s-master-3' attached to network
[2026-07-05 11:47:16] [INFO] Retrieving IP address for 'k3s-master-3'...
[2026-07-05 11:47:16] [SUCCESS] Public IP: 167.233.155.87
[2026-07-05 11:47:16] [INFO] Private IP: 10.0.0.6
[2026-07-05 11:47:16] [SUCCESS] Exported: IP_MASTER_3=167.233.155.87
[2026-07-05 11:47:16] [INFO] Creating 3 worker node(s)...
[2026-07-05 11:47:16] [INFO] Processing server: k3s-worker-1 (role: worker)
[2026-07-05 11:47:16] [INFO] Server 'k3s-worker-1' already exists
[2026-07-05 11:47:16] [WARN] Server exists but UPDATE=0. Deleting and recreating...
[2026-07-05 11:47:16] [WARN] Deleting server 'k3s-worker-1'...
Server k3s-worker-1 deleted
[2026-07-05 11:47:33] [SUCCESS] Server 'k3s-worker-1' deleted successfully
[2026-07-05 11:47:33] [INFO] Creating server 'k3s-worker-1' with type=cx23, image=403783838, location=fsn1
[2026-07-05 11:47:53] [SUCCESS] Server 'k3s-worker-1' created successfully
[2026-07-05 11:47:53] [INFO] Waiting for server 'k3s-worker-1' to be ready (max 30s)...
[2026-07-05 11:47:54] [INFO] Server status: unknown (waiting...)
[2026-07-05 11:47:59] [INFO] Server status: unknown (waiting...)
[2026-07-05 11:48:04] [INFO] Server status: unknown (waiting...)
[2026-07-05 11:48:09] [INFO] Server status: unknown (waiting...)
[2026-07-05 11:48:14] [INFO] Server status: unknown (waiting...)
[2026-07-05 11:48:20] [INFO] Server status: unknown (waiting...)
[2026-07-05 11:48:25] [WARN] Timeout waiting for server 'k3s-worker-1' to be ready
[2026-07-05 11:48:25] [INFO] Attaching server 'k3s-worker-1' to network 'k3s-int-net-1'...
[2026-07-05 11:48:35] [SUCCESS] Server 'k3s-worker-1' attached to network
[2026-07-05 11:48:35] [INFO] Retrieving IP address for 'k3s-worker-1'...
[2026-07-05 11:48:35] [SUCCESS] Public IP: 167.233.206.254
[2026-07-05 11:48:35] [INFO] Private IP: 10.0.0.4
[2026-07-05 11:48:35] [SUCCESS] Exported: IP_WORKER_1=167.233.206.254
[2026-07-05 11:48:40] [INFO] Processing server: k3s-worker-2 (role: worker)
[2026-07-05 11:48:40] [INFO] Server 'k3s-worker-2' already exists
[2026-07-05 11:48:40] [WARN] Server exists but UPDATE=0. Deleting and recreating...
[2026-07-05 11:48:40] [WARN] Deleting server 'k3s-worker-2'...
Server k3s-worker-2 deleted
[2026-07-05 11:48:55] [SUCCESS] Server 'k3s-worker-2' deleted successfully
[2026-07-05 11:48:55] [INFO] Creating server 'k3s-worker-2' with type=cx23, image=403783838, location=fsn1
[2026-07-05 11:49:08] [SUCCESS] Server 'k3s-worker-2' created successfully
[2026-07-05 11:49:08] [INFO] Waiting for server 'k3s-worker-2' to be ready (max 30s)...
[2026-07-05 11:49:08] [INFO] Server status: unknown (waiting...)
[2026-07-05 11:49:14] [INFO] Server status: unknown (waiting...)
[2026-07-05 11:49:19] [INFO] Server status: unknown (waiting...)
[2026-07-05 11:49:24] [INFO] Server status: unknown (waiting...)
[2026-07-05 11:49:29] [INFO] Server status: unknown (waiting...)
[2026-07-05 11:49:34] [INFO] Server status: unknown (waiting...)
[2026-07-05 11:49:39] [WARN] Timeout waiting for server 'k3s-worker-2' to be ready
[2026-07-05 11:49:39] [INFO] Attaching server 'k3s-worker-2' to network 'k3s-int-net-1'...
[2026-07-05 11:49:49] [SUCCESS] Server 'k3s-worker-2' attached to network
[2026-07-05 11:49:49] [INFO] Retrieving IP address for 'k3s-worker-2'...
[2026-07-05 11:49:49] [SUCCESS] Public IP: 167.233.238.213
[2026-07-05 11:49:49] [INFO] Private IP: 10.0.0.5
[2026-07-05 11:49:49] [SUCCESS] Exported: IP_WORKER_2=167.233.238.213
[2026-07-05 11:49:54] [INFO] Processing server: k3s-worker-3 (role: worker)
[2026-07-05 11:49:54] [INFO] Server 'k3s-worker-3' already exists
[2026-07-05 11:49:54] [WARN] Server exists but UPDATE=0. Deleting and recreating...
[2026-07-05 11:49:54] [WARN] Deleting server 'k3s-worker-3'...
Server k3s-worker-3 deleted
[2026-07-05 11:50:09] [SUCCESS] Server 'k3s-worker-3' deleted successfully
[2026-07-05 11:50:09] [INFO] Creating server 'k3s-worker-3' with type=cx23, image=403783838, location=fsn1
[2026-07-05 11:50:25] [SUCCESS] Server 'k3s-worker-3' created successfully
[2026-07-05 11:50:25] [INFO] Waiting for server 'k3s-worker-3' to be ready (max 30s)...
[2026-07-05 11:50:25] [INFO] Server status: unknown (waiting...)
[2026-07-05 11:50:31] [INFO] Server status: unknown (waiting...)
[2026-07-05 11:50:36] [INFO] Server status: unknown (waiting...)
[2026-07-05 11:50:41] [INFO] Server status: unknown (waiting...)
[2026-07-05 11:50:46] [INFO] Server status: unknown (waiting...)
[2026-07-05 11:50:51] [INFO] Server status: unknown (waiting...)
[2026-07-05 11:50:56] [WARN] Timeout waiting for server 'k3s-worker-3' to be ready
[2026-07-05 11:50:56] [INFO] Attaching server 'k3s-worker-3' to network 'k3s-int-net-1'...
[2026-07-05 11:51:05] [SUCCESS] Server 'k3s-worker-3' attached to network
[2026-07-05 11:51:05] [INFO] Retrieving IP address for 'k3s-worker-3'...
[2026-07-05 11:51:05] [SUCCESS] Public IP: 46.225.150.185
[2026-07-05 11:51:06] [INFO] Private IP: 10.0.0.7
[2026-07-05 11:51:06] [SUCCESS] Exported: IP_WORKER_3=46.225.150.185
[2026-07-05 11:51:06] [INFO] Exporting server inventory...
[2026-07-05 11:51:06] [SUCCESS] IPs exported to hcloud_server_ips.env
[2026-07-05 11:51:06] [INFO] Exporting Ansible inventory...
[2026-07-05 11:51:06] [SUCCESS] Ansible inventory exported to hcloud_servers_inventory.yml
[2026-07-05 11:51:06] [INFO] ==========================================
[2026-07-05 11:51:06] [INFO] K3S SERVER CREATION SUMMARY
[2026-07-05 11:51:06] [INFO] ==========================================
[2026-07-05 11:51:06] [INFO] Masters: 3
[2026-07-05 11:51:06] [INFO] Workers: 3
[2026-07-05 11:51:06] [INFO] Total Servers: 6
[2026-07-05 11:51:06] [INFO] 
[2026-07-05 11:51:06] [INFO] Master IPs:
[2026-07-05 11:51:06] [INFO]   k3s-master-1: 91.98.125.143
[2026-07-05 11:51:06] [INFO]   k3s-master-2: 167.233.146.216
[2026-07-05 11:51:06] [INFO]   k3s-master-3: 167.233.155.87
[2026-07-05 11:51:06] [INFO] 
[2026-07-05 11:51:06] [INFO] Worker IPs:
[2026-07-05 11:51:06] [INFO]   k3s-worker-1: 167.233.206.254
[2026-07-05 11:51:06] [INFO]   k3s-worker-2: 167.233.238.213
[2026-07-05 11:51:06] [INFO]   k3s-worker-3: 46.225.150.185
[2026-07-05 11:51:06] [INFO] 
[2026-07-05 11:51:06] [INFO] Next Steps:
[2026-07-05 11:51:06] [INFO]   1. source hcloud_server_ips.env
[2026-07-05 11:51:06] [INFO]   2. Wait for servers to boot (2-3 minutes)
[2026-07-05 11:51:06] [INFO]   3. Run Ansible bootstrap: ansible-playbook bootstrap-os.yml
[2026-07-05 11:51:06] [INFO]   4. Install K3S: ansible-playbook install-k3s-servers.yml
[2026-07-05 11:51:06] [INFO] 
[2026-07-05 11:51:06] [INFO] Log file: hcloud_create_servers_1783244625.log
[2026-07-05 11:51:06] [INFO] ==========================================
[2026-07-05 11:51:06] [SUCCESS] Server creation completed successfully!
