[2026-07-07 22:47:11] [INFO] === Hetzner K3S Server Creation ===
[2026-07-07 22:47:11] [INFO] Log file: hcloud_create_servers_1783457231.log
[2026-07-07 22:47:11] [INFO] Validating prerequisites...
[2026-07-07 22:47:11] [SUCCESS] hcloud CLI found: hcloud v1.43.1
[2026-07-07 22:47:11] [SUCCESS] HCLOUD_TOKEN authenticated
[2026-07-07 22:47:12] [SUCCESS] SSH key 'SN_SSH' found
[2026-07-07 22:47:12] [SUCCESS] Private network 'k3s-int-net-1' found
[2026-07-07 22:47:12] [INFO] Verifying image availability...
[2026-07-07 22:47:12] [INFO] Cleaning up all existing cluster servers...
[2026-07-07 22:47:12] [INFO]   Deleting k3s-master-1...
Server k3s-master-1 deleted
[2026-07-07 22:47:34] [INFO]   Deleting k3s-master-2...
Server k3s-master-2 deleted
[2026-07-07 22:47:53] [INFO]   Deleting k3s-master-3...
Server k3s-master-3 deleted
[2026-07-07 22:48:10] [INFO]   Deleting k3s-worker-1...
Server k3s-worker-1 deleted
[2026-07-07 22:48:27] [INFO]   Deleting k3s-worker-2...
Server k3s-worker-2 deleted
[2026-07-07 22:48:45] [INFO]   Deleting k3s-worker-3...
Server k3s-worker-3 deleted
[2026-07-07 22:49:03] [SUCCESS] All existing cluster servers cleaned up
[2026-07-07 22:49:03] [INFO] Creating 3 master node(s)...
[2026-07-07 22:49:03] [INFO] Processing server: k3s-master-1 (role: master)
[2026-07-07 22:49:03] [INFO] Server 'k3s-master-1' does not exist - creating new
[2026-07-07 22:49:03] [INFO] Creating server 'k3s-master-1' with type=cx23, image=403783838, location=nbg1
[2026-07-07 22:49:17] [SUCCESS] Server 'k3s-master-1' created successfully
[2026-07-07 22:49:17] [INFO] Waiting for server 'k3s-master-1' to be ready (max 30s)...
[2026-07-07 22:49:17] [INFO] Server status: unknown (waiting...)
[2026-07-07 22:49:22] [INFO] Server status: unknown (waiting...)
[2026-07-07 22:49:27] [INFO] Server status: unknown (waiting...)
[2026-07-07 22:49:34] [INFO] Server status: unknown (waiting...)
[2026-07-07 22:49:39] [INFO] Server status: unknown (waiting...)
[2026-07-07 22:49:44] [INFO] Server status: unknown (waiting...)
[2026-07-07 22:49:49] [WARN] Timeout waiting for server 'k3s-master-1' to be ready
[2026-07-07 22:49:49] [INFO] Attaching server 'k3s-master-1' to network 'k3s-int-net-1'...
[2026-07-07 22:49:57] [SUCCESS] Server 'k3s-master-1' attached to network
[2026-07-07 22:49:57] [INFO] Retrieving IP address for 'k3s-master-1'...
[2026-07-07 22:49:57] [SUCCESS] Public IP: 91.98.125.143
[2026-07-07 22:49:57] [INFO] Private IP: 10.0.0.2
[2026-07-07 22:49:57] [SUCCESS] Exported: IP_MASTER_1=91.98.125.143
[2026-07-07 22:50:02] [INFO] Processing server: k3s-master-2 (role: master)
[2026-07-07 22:50:02] [INFO] Server 'k3s-master-2' does not exist - creating new
[2026-07-07 22:50:02] [INFO] Creating server 'k3s-master-2' with type=cx23, image=403783838, location=fsn1
[2026-07-07 22:50:16] [SUCCESS] Server 'k3s-master-2' created successfully
[2026-07-07 22:50:16] [INFO] Waiting for server 'k3s-master-2' to be ready (max 30s)...
[2026-07-07 22:50:17] [INFO] Server status: unknown (waiting...)
[2026-07-07 22:50:22] [INFO] Server status: unknown (waiting...)
[2026-07-07 22:50:27] [INFO] Server status: unknown (waiting...)
[2026-07-07 22:50:32] [INFO] Server status: unknown (waiting...)
[2026-07-07 22:50:38] [INFO] Server status: unknown (waiting...)
[2026-07-07 22:50:44] [INFO] Server status: unknown (waiting...)
[2026-07-07 22:50:49] [WARN] Timeout waiting for server 'k3s-master-2' to be ready
[2026-07-07 22:50:49] [INFO] Attaching server 'k3s-master-2' to network 'k3s-int-net-1'...
[2026-07-07 22:50:56] [SUCCESS] Server 'k3s-master-2' attached to network
[2026-07-07 22:50:56] [INFO] Retrieving IP address for 'k3s-master-2'...
[2026-07-07 22:50:56] [SUCCESS] Public IP: 49.13.48.105
[2026-07-07 22:50:56] [INFO] Private IP: 10.0.0.3
[2026-07-07 22:50:56] [SUCCESS] Exported: IP_MASTER_2=49.13.48.105
[2026-07-07 22:51:01] [INFO] Processing server: k3s-master-3 (role: master)
[2026-07-07 22:51:02] [INFO] Server 'k3s-master-3' does not exist - creating new
[2026-07-07 22:51:02] [INFO] Creating server 'k3s-master-3' with type=cx23, image=403783838, location=hel1
[2026-07-07 22:51:21] [SUCCESS] Server 'k3s-master-3' created successfully
[2026-07-07 22:51:21] [INFO] Waiting for server 'k3s-master-3' to be ready (max 30s)...
[2026-07-07 22:51:21] [INFO] Server status: unknown (waiting...)
[2026-07-07 22:51:27] [INFO] Server status: unknown (waiting...)
[2026-07-07 22:51:32] [INFO] Server status: unknown (waiting...)
[2026-07-07 22:51:37] [INFO] Server status: unknown (waiting...)
[2026-07-07 22:51:42] [INFO] Server status: unknown (waiting...)
[2026-07-07 22:51:48] [INFO] Server status: unknown (waiting...)
[2026-07-07 22:51:53] [WARN] Timeout waiting for server 'k3s-master-3' to be ready
[2026-07-07 22:51:53] [INFO] Attaching server 'k3s-master-3' to network 'k3s-int-net-1'...
[2026-07-07 22:52:02] [SUCCESS] Server 'k3s-master-3' attached to network
[2026-07-07 22:52:02] [INFO] Retrieving IP address for 'k3s-master-3'...
[2026-07-07 22:52:02] [SUCCESS] Public IP: 204.168.232.101
[2026-07-07 22:52:02] [INFO] Private IP: 10.0.0.4
[2026-07-07 22:52:02] [SUCCESS] Exported: IP_MASTER_3=204.168.232.101
[2026-07-07 22:52:02] [INFO] Creating 1 worker node(s)...
[2026-07-07 22:52:02] [INFO] Processing server: k3s-worker-1 (role: worker)
[2026-07-07 22:52:02] [INFO] Server 'k3s-worker-1' does not exist - creating new
[2026-07-07 22:52:02] [INFO] Creating server 'k3s-worker-1' with type=cx23, image=403783838, location=fsn1
[2026-07-07 22:52:19] [SUCCESS] Server 'k3s-worker-1' created successfully
[2026-07-07 22:52:19] [INFO] Waiting for server 'k3s-worker-1' to be ready (max 30s)...
[2026-07-07 22:52:19] [INFO] Server status: unknown (waiting...)
[2026-07-07 22:52:25] [INFO] Server status: unknown (waiting...)
[2026-07-07 22:52:30] [INFO] Server status: unknown (waiting...)
[2026-07-07 22:52:35] [INFO] Server status: unknown (waiting...)
[2026-07-07 22:52:40] [INFO] Server status: unknown (waiting...)
[2026-07-07 22:52:45] [INFO] Server status: unknown (waiting...)
[2026-07-07 22:52:51] [WARN] Timeout waiting for server 'k3s-worker-1' to be ready
[2026-07-07 22:52:51] [INFO] Attaching server 'k3s-worker-1' to network 'k3s-int-net-1'...
[2026-07-07 22:53:02] [SUCCESS] Server 'k3s-worker-1' attached to network
[2026-07-07 22:53:02] [INFO] Retrieving IP address for 'k3s-worker-1'...
[2026-07-07 22:53:03] [SUCCESS] Public IP: 46.225.150.185
[2026-07-07 22:53:03] [INFO] Private IP: 10.0.0.2
[2026-07-07 22:53:03] [SUCCESS] Exported: IP_WORKER_1=46.225.150.185
[2026-07-07 22:53:03] [INFO] Exporting server inventory...
[2026-07-07 22:53:03] [SUCCESS] IPs exported to hcloud_server_ips.env
[2026-07-07 22:53:03] [INFO] Exporting Ansible inventory...
[2026-07-07 22:53:03] [SUCCESS] Ansible inventory exported to hcloud_servers_inventory.yml
[2026-07-07 22:53:03] [INFO] ==========================================
[2026-07-07 22:53:03] [INFO] K3S SERVER CREATION SUMMARY
[2026-07-07 22:53:03] [INFO] ==========================================
[2026-07-07 22:53:03] [INFO] Masters: 3
[2026-07-07 22:53:03] [INFO] Workers: 1
[2026-07-07 22:53:03] [INFO] Total Servers: 4
[2026-07-07 22:53:03] [INFO] 
[2026-07-07 22:53:03] [INFO] Master IPs:
[2026-07-07 22:53:03] [INFO]   k3s-master-1: 91.98.125.143
[2026-07-07 22:53:03] [INFO]   k3s-master-2: 49.13.48.105
[2026-07-07 22:53:03] [INFO]   k3s-master-3: 204.168.232.101
[2026-07-07 22:53:03] [INFO] 
[2026-07-07 22:53:03] [INFO] Worker IPs:
[2026-07-07 22:53:03] [INFO]   k3s-worker-1: 46.225.150.185
[2026-07-07 22:53:03] [INFO] 
[2026-07-07 22:53:03] [INFO] Next Steps:
[2026-07-07 22:53:03] [INFO]   1. source hcloud_server_ips.env
[2026-07-07 22:53:03] [INFO]   2. Wait for servers to boot (2-3 minutes)
[2026-07-07 22:53:03] [INFO]   3. Run Ansible bootstrap: ansible-playbook bootstrap-os.yml
[2026-07-07 22:53:03] [INFO]   4. Install K3S: ansible-playbook install-k3s-servers.yml
[2026-07-07 22:53:03] [INFO] 
[2026-07-07 22:53:03] [INFO] Log file: hcloud_create_servers_1783457231.log
[2026-07-07 22:53:03] [INFO] ==========================================
[2026-07-07 22:53:03] [SUCCESS] Server creation completed successfully!
[2026-07-07 22:53:03] [ERROR] Script failed with exit code 127. Check hcloud_create_servers_1783457231.log for details.
