[2026-07-05 10:59:44] [INFO] === Hetzner K3S Server Creation ===
[2026-07-05 10:59:44] [INFO] Log file: hcloud_create_servers_1783241984.log
[2026-07-05 10:59:44] [INFO] Validating prerequisites...
[2026-07-05 10:59:44] [SUCCESS] hcloud CLI found: hcloud v1.43.1
[2026-07-05 10:59:44] [SUCCESS] HCLOUD_TOKEN authenticated
[2026-07-05 10:59:44] [SUCCESS] SSH key 'SN_SSH' found
[2026-07-05 10:59:44] [SUCCESS] Private network 'k3s-int-net-1' found
[2026-07-05 10:59:44] [INFO] Verifying image availability...
[2026-07-05 10:59:44] [INFO] Creating 3 master node(s)...
[2026-07-05 10:59:44] [INFO] Processing server: k3s-master-1 (role: master)
[2026-07-05 10:59:45] [INFO] Server 'k3s-master-1' already exists
[2026-07-05 10:59:45] [WARN] Server exists but UPDATE=0. Deleting and recreating...
[2026-07-05 10:59:45] [WARN] Deleting server 'k3s-master-1'...
Server k3s-master-1 deleted
[2026-07-05 11:00:03] [SUCCESS] Server 'k3s-master-1' deleted successfully
[2026-07-05 11:00:03] [INFO] Creating server 'k3s-master-1' with type=cx23, image=403783838, location=nbg1
[2026-07-05 11:00:12] [SUCCESS] Server 'k3s-master-1' created successfully
[2026-07-05 11:00:12] [INFO] Waiting for server 'k3s-master-1' to be ready (max 30s)...
[2026-07-05 11:00:12] [INFO] Server status: unknown (waiting...)
[2026-07-05 11:00:18] [INFO] Server status: unknown (waiting...)
[2026-07-05 11:00:23] [INFO] Server status: unknown (waiting...)
[2026-07-05 11:00:28] [INFO] Server status: unknown (waiting...)
[2026-07-05 11:00:33] [INFO] Server status: unknown (waiting...)
[2026-07-05 11:00:38] [INFO] Server status: unknown (waiting...)
[2026-07-05 11:00:43] [WARN] Timeout waiting for server 'k3s-master-1' to be ready
[2026-07-05 11:00:43] [INFO] Attaching server 'k3s-master-1' to network 'k3s-int-net-1'...
[2026-07-05 11:00:51] [SUCCESS] Server 'k3s-master-1' attached to network
[2026-07-05 11:00:51] [INFO] Retrieving IP address for 'k3s-master-1'...
[2026-07-05 11:00:51] [SUCCESS] Public IP: 91.98.125.143
[2026-07-05 11:00:51] [INFO] Private IP: 10.0.0.2
[2026-07-05 11:00:51] [SUCCESS] Exported: IP_MASTER_1=91.98.125.143
[2026-07-05 11:00:56] [INFO] Processing server: k3s-master-2 (role: master)
[2026-07-05 11:00:57] [INFO] Server 'k3s-master-2' already exists
[2026-07-05 11:00:57] [WARN] Server exists but UPDATE=0. Deleting and recreating...
[2026-07-05 11:00:57] [WARN] Deleting server 'k3s-master-2'...
Server k3s-master-2 deleted
[2026-07-05 11:01:15] [SUCCESS] Server 'k3s-master-2' deleted successfully
[2026-07-05 11:01:15] [INFO] Creating server 'k3s-master-2' with type=cx23, image=403783838, location=nbg1
[2026-07-05 11:01:31] [SUCCESS] Server 'k3s-master-2' created successfully
[2026-07-05 11:01:31] [INFO] Waiting for server 'k3s-master-2' to be ready (max 30s)...
[2026-07-05 11:01:31] [INFO] Server status: unknown (waiting...)
[2026-07-05 11:01:36] [INFO] Server status: unknown (waiting...)
[2026-07-05 11:01:41] [INFO] Server status: unknown (waiting...)
[2026-07-05 11:01:46] [INFO] Server status: unknown (waiting...)
[2026-07-05 11:01:52] [INFO] Server status: unknown (waiting...)
[2026-07-05 11:01:57] [INFO] Server status: unknown (waiting...)
[2026-07-05 11:02:02] [WARN] Timeout waiting for server 'k3s-master-2' to be ready
[2026-07-05 11:02:02] [INFO] Attaching server 'k3s-master-2' to network 'k3s-int-net-1'...
[2026-07-05 11:02:11] [SUCCESS] Server 'k3s-master-2' attached to network
[2026-07-05 11:02:11] [INFO] Retrieving IP address for 'k3s-master-2'...
[2026-07-05 11:02:11] [SUCCESS] Public IP: 167.233.146.216
[2026-07-05 11:02:11] [INFO] Private IP: 10.0.0.3
[2026-07-05 11:02:11] [SUCCESS] Exported: IP_MASTER_2=167.233.146.216
[2026-07-05 11:02:16] [INFO] Processing server: k3s-master-3 (role: master)
[2026-07-05 11:02:16] [INFO] Server 'k3s-master-3' already exists
[2026-07-05 11:02:16] [WARN] Server exists but UPDATE=0. Deleting and recreating...
[2026-07-05 11:02:16] [WARN] Deleting server 'k3s-master-3'...
Server k3s-master-3 deleted
[2026-07-05 11:02:31] [SUCCESS] Server 'k3s-master-3' deleted successfully
[2026-07-05 11:02:31] [INFO] Creating server 'k3s-master-3' with type=cx23, image=403783838, location=nbg1
[2026-07-05 11:02:46] [SUCCESS] Server 'k3s-master-3' created successfully
[2026-07-05 11:02:46] [INFO] Waiting for server 'k3s-master-3' to be ready (max 30s)...
[2026-07-05 11:02:46] [INFO] Server status: unknown (waiting...)
[2026-07-05 11:02:51] [INFO] Server status: unknown (waiting...)
[2026-07-05 11:02:56] [INFO] Server status: unknown (waiting...)
[2026-07-05 11:03:01] [INFO] Server status: unknown (waiting...)
[2026-07-05 11:03:07] [INFO] Server status: unknown (waiting...)
[2026-07-05 11:03:12] [INFO] Server status: unknown (waiting...)
[2026-07-05 11:03:17] [WARN] Timeout waiting for server 'k3s-master-3' to be ready
[2026-07-05 11:03:17] [INFO] Attaching server 'k3s-master-3' to network 'k3s-int-net-1'...
[2026-07-05 11:03:25] [SUCCESS] Server 'k3s-master-3' attached to network
[2026-07-05 11:03:25] [INFO] Retrieving IP address for 'k3s-master-3'...
[2026-07-05 11:03:25] [SUCCESS] Public IP: 167.233.155.87
[2026-07-05 11:03:25] [INFO] Private IP: 10.0.0.6
[2026-07-05 11:03:25] [SUCCESS] Exported: IP_MASTER_3=167.233.155.87
[2026-07-05 11:03:25] [INFO] Creating 3 worker node(s)...
[2026-07-05 11:03:25] [INFO] Processing server: k3s-worker-1 (role: worker)
[2026-07-05 11:03:25] [INFO] Server 'k3s-worker-1' already exists
[2026-07-05 11:03:25] [WARN] Server exists but UPDATE=0. Deleting and recreating...
[2026-07-05 11:03:25] [WARN] Deleting server 'k3s-worker-1'...
Server k3s-worker-1 deleted
[2026-07-05 11:03:42] [SUCCESS] Server 'k3s-worker-1' deleted successfully
[2026-07-05 11:03:42] [INFO] Creating server 'k3s-worker-1' with type=cx23, image=403783838, location=fsn1
[2026-07-05 11:03:55] [SUCCESS] Server 'k3s-worker-1' created successfully
[2026-07-05 11:03:55] [INFO] Waiting for server 'k3s-worker-1' to be ready (max 30s)...
[2026-07-05 11:03:55] [INFO] Server status: unknown (waiting...)
[2026-07-05 11:04:00] [INFO] Server status: unknown (waiting...)
[2026-07-05 11:04:06] [INFO] Server status: unknown (waiting...)
[2026-07-05 11:04:11] [INFO] Server status: unknown (waiting...)
[2026-07-05 11:04:16] [INFO] Server status: unknown (waiting...)
[2026-07-05 11:04:21] [INFO] Server status: unknown (waiting...)
[2026-07-05 11:04:26] [WARN] Timeout waiting for server 'k3s-worker-1' to be ready
[2026-07-05 11:04:26] [INFO] Attaching server 'k3s-worker-1' to network 'k3s-int-net-1'...
[2026-07-05 11:04:36] [SUCCESS] Server 'k3s-worker-1' attached to network
[2026-07-05 11:04:36] [INFO] Retrieving IP address for 'k3s-worker-1'...
[2026-07-05 11:04:36] [SUCCESS] Public IP: 167.233.206.254
[2026-07-05 11:04:36] [INFO] Private IP: 10.0.0.4
[2026-07-05 11:04:36] [SUCCESS] Exported: IP_WORKER_1=167.233.206.254
[2026-07-05 11:04:41] [INFO] Processing server: k3s-worker-2 (role: worker)
[2026-07-05 11:04:41] [INFO] Server 'k3s-worker-2' already exists
[2026-07-05 11:04:41] [WARN] Server exists but UPDATE=0. Deleting and recreating...
[2026-07-05 11:04:41] [WARN] Deleting server 'k3s-worker-2'...
Server k3s-worker-2 deleted
[2026-07-05 11:04:59] [SUCCESS] Server 'k3s-worker-2' deleted successfully
[2026-07-05 11:04:59] [INFO] Creating server 'k3s-worker-2' with type=cx23, image=403783838, location=fsn1
[2026-07-05 11:05:13] [SUCCESS] Server 'k3s-worker-2' created successfully
[2026-07-05 11:05:13] [INFO] Waiting for server 'k3s-worker-2' to be ready (max 30s)...
[2026-07-05 11:05:13] [INFO] Server status: unknown (waiting...)
[2026-07-05 11:05:18] [INFO] Server status: unknown (waiting...)
[2026-07-05 11:05:23] [INFO] Server status: unknown (waiting...)
[2026-07-05 11:05:29] [INFO] Server status: unknown (waiting...)
[2026-07-05 11:05:34] [INFO] Server status: unknown (waiting...)
[2026-07-05 11:05:39] [INFO] Server status: unknown (waiting...)
[2026-07-05 11:05:44] [WARN] Timeout waiting for server 'k3s-worker-2' to be ready
[2026-07-05 11:05:44] [INFO] Attaching server 'k3s-worker-2' to network 'k3s-int-net-1'...
[2026-07-05 11:05:51] [SUCCESS] Server 'k3s-worker-2' attached to network
[2026-07-05 11:05:51] [INFO] Retrieving IP address for 'k3s-worker-2'...
[2026-07-05 11:05:51] [SUCCESS] Public IP: 167.233.238.213
[2026-07-05 11:05:51] [INFO] Private IP: 10.0.0.5
[2026-07-05 11:05:51] [SUCCESS] Exported: IP_WORKER_2=167.233.238.213
[2026-07-05 11:05:56] [INFO] Processing server: k3s-worker-3 (role: worker)
[2026-07-05 11:05:57] [INFO] Server 'k3s-worker-3' already exists
[2026-07-05 11:05:57] [WARN] Server exists but UPDATE=0. Deleting and recreating...
[2026-07-05 11:05:57] [WARN] Deleting server 'k3s-worker-3'...
Server k3s-worker-3 deleted
[2026-07-05 11:06:13] [SUCCESS] Server 'k3s-worker-3' deleted successfully
[2026-07-05 11:06:13] [INFO] Creating server 'k3s-worker-3' with type=cx23, image=403783838, location=fsn1
[2026-07-05 11:06:28] [SUCCESS] Server 'k3s-worker-3' created successfully
[2026-07-05 11:06:28] [INFO] Waiting for server 'k3s-worker-3' to be ready (max 30s)...
[2026-07-05 11:06:28] [INFO] Server status: unknown (waiting...)
[2026-07-05 11:06:33] [INFO] Server status: unknown (waiting...)
[2026-07-05 11:06:38] [INFO] Server status: unknown (waiting...)
[2026-07-05 11:06:44] [INFO] Server status: unknown (waiting...)
[2026-07-05 11:06:49] [INFO] Server status: unknown (waiting...)
[2026-07-05 11:06:54] [INFO] Server status: unknown (waiting...)
[2026-07-05 11:06:59] [WARN] Timeout waiting for server 'k3s-worker-3' to be ready
[2026-07-05 11:06:59] [INFO] Attaching server 'k3s-worker-3' to network 'k3s-int-net-1'...
[2026-07-05 11:07:07] [SUCCESS] Server 'k3s-worker-3' attached to network
[2026-07-05 11:07:07] [INFO] Retrieving IP address for 'k3s-worker-3'...
[2026-07-05 11:07:07] [SUCCESS] Public IP: 46.225.150.185
[2026-07-05 11:07:07] [INFO] Private IP: 10.0.0.7
[2026-07-05 11:07:07] [SUCCESS] Exported: IP_WORKER_3=46.225.150.185
[2026-07-05 11:07:07] [INFO] Exporting server inventory...
[2026-07-05 11:07:07] [SUCCESS] IPs exported to hcloud_server_ips.env
[2026-07-05 11:07:07] [INFO] Exporting Ansible inventory...
[2026-07-05 11:07:07] [SUCCESS] Ansible inventory exported to hcloud_servers_inventory.yml
[2026-07-05 11:07:07] [INFO] ==========================================
[2026-07-05 11:07:07] [INFO] K3S SERVER CREATION SUMMARY
[2026-07-05 11:07:07] [INFO] ==========================================
[2026-07-05 11:07:08] [INFO] Masters: 3
[2026-07-05 11:07:08] [INFO] Workers: 3
[2026-07-05 11:07:08] [INFO] Total Servers: 6
[2026-07-05 11:07:08] [INFO] 
[2026-07-05 11:07:08] [INFO] Master IPs:
[2026-07-05 11:07:08] [INFO]   k3s-master-1: 91.98.125.143
[2026-07-05 11:07:08] [INFO]   k3s-master-2: 167.233.146.216
[2026-07-05 11:07:08] [INFO]   k3s-master-3: 167.233.155.87
[2026-07-05 11:07:08] [INFO] 
[2026-07-05 11:07:08] [INFO] Worker IPs:
[2026-07-05 11:07:08] [INFO]   k3s-worker-1: 167.233.206.254
[2026-07-05 11:07:08] [INFO]   k3s-worker-2: 167.233.238.213
[2026-07-05 11:07:08] [INFO]   k3s-worker-3: 46.225.150.185
[2026-07-05 11:07:08] [INFO] 
[2026-07-05 11:07:08] [INFO] Next Steps:
[2026-07-05 11:07:08] [INFO]   1. source hcloud_server_ips.env
[2026-07-05 11:07:08] [INFO]   2. Wait for servers to boot (2-3 minutes)
[2026-07-05 11:07:08] [INFO]   3. Run Ansible bootstrap: ansible-playbook bootstrap-os.yml
[2026-07-05 11:07:08] [INFO]   4. Install K3S: ansible-playbook install-k3s-servers.yml
[2026-07-05 11:07:08] [INFO] 
[2026-07-05 11:07:08] [INFO] Log file: hcloud_create_servers_1783241984.log
[2026-07-05 11:07:08] [INFO] ==========================================
[2026-07-05 11:07:08] [SUCCESS] Server creation completed successfully!
