[2026-07-07 23:12:50] [INFO] === Hetzner K3S Server Creation ===
[2026-07-07 23:12:50] [INFO] Log file: hcloud_create_servers_1783458770.log
[2026-07-07 23:12:50] [INFO] Validating prerequisites...
[2026-07-07 23:12:50] [SUCCESS] hcloud CLI found: hcloud v1.43.1
[2026-07-07 23:12:50] [SUCCESS] HCLOUD_TOKEN authenticated
[2026-07-07 23:12:50] [SUCCESS] SSH key 'SN_SSH' found
[2026-07-07 23:12:51] [SUCCESS] Private network 'k3s-int-net-1' found
[2026-07-07 23:12:51] [INFO] Verifying image availability...
[2026-07-07 23:12:51] [INFO] RECREATE_CLUSTER=1 — deleting all existing servers...
[2026-07-07 23:12:51] [INFO] Cleaning up all existing cluster servers...
[2026-07-07 23:12:51] [INFO]   Deleting k3s-master-1...
Server k3s-master-1 deleted
[2026-07-07 23:13:07] [INFO]   Deleting k3s-master-2...
Server k3s-master-2 deleted
[2026-07-07 23:13:23] [INFO]   Deleting k3s-master-3...
Server k3s-master-3 deleted
[2026-07-07 23:13:46] [INFO]   Deleting k3s-worker-1...
Server k3s-worker-1 deleted
[2026-07-07 23:14:05] [SUCCESS] All existing cluster servers cleaned up
[2026-07-07 23:14:05] [INFO] Creating 3 master node(s)...
[2026-07-07 23:14:05] [INFO] Server 'k3s-master-1' does not exist — creating new
[2026-07-07 23:14:05] [INFO] Creating server 'k3s-master-1' with type=cx23, image=403783838, location=nbg1
[2026-07-07 23:14:20] [SUCCESS] Server 'k3s-master-1' created successfully
[2026-07-07 23:14:20] [INFO] Waiting for server 'k3s-master-1' to be ready (max 30s)...
[2026-07-07 23:14:21] [INFO] Server status: unknown (waiting...)
[2026-07-07 23:14:26] [INFO] Server status: unknown (waiting...)
[2026-07-07 23:14:31] [INFO] Server status: unknown (waiting...)
[2026-07-07 23:14:37] [INFO] Server status: unknown (waiting...)
[2026-07-07 23:14:42] [INFO] Server status: unknown (waiting...)
[2026-07-07 23:14:47] [INFO] Server status: unknown (waiting...)
[2026-07-07 23:14:52] [WARN] Timeout waiting for server 'k3s-master-1' to be ready
[2026-07-07 23:14:52] [INFO] Attaching server 'k3s-master-1' to network 'k3s-int-net-1'...
[2026-07-07 23:15:02] [SUCCESS] Server 'k3s-master-1' attached to network
[2026-07-07 23:15:02] [INFO] Retrieving IP address for 'k3s-master-1'...
[2026-07-07 23:15:02] [SUCCESS] Public IP: 91.98.125.143
[2026-07-07 23:15:02] [INFO] Private IP: 10.0.0.2
[2026-07-07 23:15:02] [SUCCESS] Exported: IP_MASTER_1=91.98.125.143
[2026-07-07 23:15:08] [INFO] Server 'k3s-master-2' does not exist — creating new
[2026-07-07 23:15:08] [INFO] Creating server 'k3s-master-2' with type=cx23, image=403783838, location=fsn1
[2026-07-07 23:15:17] [SUCCESS] Server 'k3s-master-2' created successfully
[2026-07-07 23:15:17] [INFO] Waiting for server 'k3s-master-2' to be ready (max 30s)...
[2026-07-07 23:15:17] [INFO] Server status: unknown (waiting...)
[2026-07-07 23:15:22] [INFO] Server status: unknown (waiting...)
[2026-07-07 23:15:28] [INFO] Server status: unknown (waiting...)
[2026-07-07 23:15:33] [INFO] Server status: unknown (waiting...)
[2026-07-07 23:15:38] [INFO] Server status: unknown (waiting...)
[2026-07-07 23:15:43] [INFO] Server status: unknown (waiting...)
[2026-07-07 23:15:48] [WARN] Timeout waiting for server 'k3s-master-2' to be ready
[2026-07-07 23:15:48] [INFO] Attaching server 'k3s-master-2' to network 'k3s-int-net-1'...
[2026-07-07 23:15:55] [SUCCESS] Server 'k3s-master-2' attached to network
[2026-07-07 23:15:55] [INFO] Retrieving IP address for 'k3s-master-2'...
[2026-07-07 23:15:56] [SUCCESS] Public IP: 49.13.48.105
[2026-07-07 23:15:56] [INFO] Private IP: 10.0.0.3
[2026-07-07 23:15:56] [SUCCESS] Exported: IP_MASTER_2=49.13.48.105
[2026-07-07 23:16:01] [INFO] Server 'k3s-master-3' does not exist — creating new
[2026-07-07 23:16:01] [INFO] Creating server 'k3s-master-3' with type=cx23, image=403783838, location=hel1
[2026-07-07 23:16:18] [SUCCESS] Server 'k3s-master-3' created successfully
[2026-07-07 23:16:18] [INFO] Waiting for server 'k3s-master-3' to be ready (max 30s)...
[2026-07-07 23:16:18] [INFO] Server status: unknown (waiting...)
[2026-07-07 23:16:23] [INFO] Server status: unknown (waiting...)
[2026-07-07 23:16:28] [INFO] Server status: unknown (waiting...)
[2026-07-07 23:16:33] [INFO] Server status: unknown (waiting...)
[2026-07-07 23:16:39] [INFO] Server status: unknown (waiting...)
[2026-07-07 23:16:44] [INFO] Server status: unknown (waiting...)
[2026-07-07 23:16:49] [WARN] Timeout waiting for server 'k3s-master-3' to be ready
[2026-07-07 23:16:49] [INFO] Attaching server 'k3s-master-3' to network 'k3s-int-net-1'...
[2026-07-07 23:16:58] [SUCCESS] Server 'k3s-master-3' attached to network
[2026-07-07 23:16:58] [INFO] Retrieving IP address for 'k3s-master-3'...
[2026-07-07 23:16:58] [SUCCESS] Public IP: 204.168.232.101
[2026-07-07 23:16:58] [INFO] Private IP: 10.0.0.4
[2026-07-07 23:16:58] [SUCCESS] Exported: IP_MASTER_3=204.168.232.101
[2026-07-07 23:16:58] [INFO] Creating 1 worker node(s)...
[2026-07-07 23:16:58] [INFO] Server 'k3s-worker-1' does not exist — creating new
[2026-07-07 23:16:58] [INFO] Creating server 'k3s-worker-1' with type=cx23, image=403783838, location=fsn1
[2026-07-07 23:17:12] [SUCCESS] Server 'k3s-worker-1' created successfully
[2026-07-07 23:17:12] [INFO] Waiting for server 'k3s-worker-1' to be ready (max 30s)...
[2026-07-07 23:17:12] [INFO] Server status: unknown (waiting...)
[2026-07-07 23:17:17] [INFO] Server status: unknown (waiting...)
[2026-07-07 23:17:23] [INFO] Server status: unknown (waiting...)
[2026-07-07 23:17:28] [INFO] Server status: unknown (waiting...)
[2026-07-07 23:17:33] [INFO] Server status: unknown (waiting...)
[2026-07-07 23:17:38] [INFO] Server status: unknown (waiting...)
[2026-07-07 23:17:43] [WARN] Timeout waiting for server 'k3s-worker-1' to be ready
[2026-07-07 23:17:43] [INFO] Attaching server 'k3s-worker-1' to network 'k3s-int-net-1'...
[2026-07-07 23:17:54] [SUCCESS] Server 'k3s-worker-1' attached to network
[2026-07-07 23:17:54] [INFO] Retrieving IP address for 'k3s-worker-1'...
[2026-07-07 23:17:54] [SUCCESS] Public IP: 46.225.150.185
[2026-07-07 23:17:54] [INFO] Private IP: 10.0.0.5
[2026-07-07 23:17:54] [SUCCESS] Exported: IP_WORKER_1=46.225.150.185
[2026-07-07 23:17:54] [INFO] Exporting server inventory...
[2026-07-07 23:17:54] [SUCCESS] IPs exported to hcloud_server_ips.env
[2026-07-07 23:17:54] [INFO] Exporting Ansible inventory...
[2026-07-07 23:17:54] [SUCCESS] Ansible inventory exported to hcloud_servers_inventory.yml
[2026-07-07 23:17:54] [INFO] ==========================================
[2026-07-07 23:17:54] [INFO] K3S SERVER CREATION SUMMARY
[2026-07-07 23:17:54] [INFO] ==========================================
[2026-07-07 23:17:54] [INFO] Masters: 3
[2026-07-07 23:17:54] [INFO] Workers: 1
[2026-07-07 23:17:54] [INFO] Total Servers: 4
[2026-07-07 23:17:54] [INFO] 
[2026-07-07 23:17:54] [INFO] Master IPs:
[2026-07-07 23:17:54] [INFO]   k3s-master-1: 91.98.125.143
[2026-07-07 23:17:54] [INFO]   k3s-master-2: 49.13.48.105
[2026-07-07 23:17:54] [INFO]   k3s-master-3: 204.168.232.101
[2026-07-07 23:17:54] [INFO] 
[2026-07-07 23:17:54] [INFO] Worker IPs:
[2026-07-07 23:17:54] [INFO]   k3s-worker-1: 46.225.150.185
[2026-07-07 23:17:54] [INFO] 
[2026-07-07 23:17:54] [INFO] Next Steps:
[2026-07-07 23:17:54] [INFO]   1. source hcloud_server_ips.env
[2026-07-07 23:17:54] [INFO]   2. Wait for servers to boot (2-3 minutes)
[2026-07-07 23:17:54] [INFO]   3. Run Ansible bootstrap: ansible-playbook bootstrap-os.yml
[2026-07-07 23:17:54] [INFO]   4. Install K3S: ansible-playbook install-k3s-servers.yml
[2026-07-07 23:17:54] [INFO] 
[2026-07-07 23:17:54] [INFO] Log file: hcloud_create_servers_1783458770.log
[2026-07-07 23:17:54] [INFO] ==========================================
[2026-07-07 23:17:54] [SUCCESS] Server creation completed successfully!
