[2026-07-05 09:12:16] [INFO] === Hetzner K3S Server Creation ===
[2026-07-05 09:12:16] [INFO] Log file: hcloud_create_servers_1783235536.log
[2026-07-05 09:12:16] [INFO] Validating prerequisites...
[2026-07-05 09:12:16] [SUCCESS] hcloud CLI found: hcloud v1.43.1
[2026-07-05 09:12:16] [SUCCESS] HCLOUD_TOKEN authenticated
[2026-07-05 09:12:16] [SUCCESS] SSH key 'SN_SSH' found
[2026-07-05 09:12:16] [SUCCESS] Private network 'k3s-int-net-1' found
[2026-07-05 09:12:16] [INFO] Verifying image availability...
[2026-07-05 09:12:17] [INFO] Creating 3 master node(s)...
[2026-07-05 09:12:17] [INFO] Processing server: k3s-master-1 (role: master)
[2026-07-05 09:12:17] [INFO] Server 'k3s-master-1' already exists
[2026-07-05 09:12:17] [WARN] Server exists but UPDATE=0. Deleting and recreating...
[2026-07-05 09:12:17] [WARN] Deleting server 'k3s-master-1'...
Server k3s-master-1 deleted
[2026-07-05 09:12:32] [SUCCESS] Server 'k3s-master-1' deleted successfully
[2026-07-05 09:12:32] [INFO] Creating server 'k3s-master-1' with type=cx23, image=403783838, location=nbg1
[2026-07-05 09:12:46] [SUCCESS] Server 'k3s-master-1' created successfully
[2026-07-05 09:12:46] [INFO] Waiting for server 'k3s-master-1' to be ready (max 30s)...
[2026-07-05 09:12:46] [INFO] Server status: unknown (waiting...)
[2026-07-05 09:12:51] [INFO] Server status: unknown (waiting...)
[2026-07-05 09:12:56] [INFO] Server status: unknown (waiting...)
[2026-07-05 09:13:02] [INFO] Server status: unknown (waiting...)
[2026-07-05 09:13:07] [INFO] Server status: unknown (waiting...)
[2026-07-05 09:13:12] [INFO] Server status: unknown (waiting...)
[2026-07-05 09:13:17] [WARN] Timeout waiting for server 'k3s-master-1' to be ready
[2026-07-05 09:13:17] [INFO] Attaching server 'k3s-master-1' to network 'k3s-int-net-1'...
[2026-07-05 09:13:25] [SUCCESS] Server 'k3s-master-1' attached to network
[2026-07-05 09:13:25] [INFO] Retrieving IP address for 'k3s-master-1'...
[2026-07-05 09:13:25] [SUCCESS] Public IP: 91.98.125.143
[2026-07-05 09:13:25] [INFO] Private IP: 10.0.0.2
[2026-07-05 09:13:25] [SUCCESS] Exported: IP_MASTER_1=91.98.125.143
[2026-07-05 09:13:30] [INFO] Processing server: k3s-master-2 (role: master)
[2026-07-05 09:13:30] [INFO] Server 'k3s-master-2' already exists
[2026-07-05 09:13:30] [WARN] Server exists but UPDATE=0. Deleting and recreating...
[2026-07-05 09:13:30] [WARN] Deleting server 'k3s-master-2'...
