[2026-07-07 22:52:20] [INFO] === Hetzner K3S Server Creation ===
[2026-07-07 22:52:20] [INFO] Log file: hcloud_create_servers_1783457540.log
[2026-07-07 22:52:20] [INFO] Validating prerequisites...
[2026-07-07 22:52:20] [SUCCESS] hcloud CLI found: hcloud v1.43.1
[2026-07-07 22:52:20] [SUCCESS] HCLOUD_TOKEN authenticated
[2026-07-07 22:52:20] [SUCCESS] SSH key 'SN_SSH' found
[2026-07-07 22:52:20] [SUCCESS] Private network 'k3s-int-net-1' found
[2026-07-07 22:52:20] [INFO] Verifying image availability...
[2026-07-07 22:52:21] [INFO] Cleaning up all existing cluster servers...
[2026-07-07 22:52:21] [INFO]   Deleting k3s-master-1...
Server k3s-master-1 deleted
[2026-07-07 22:52:38] [INFO]   Deleting k3s-master-2...
Server k3s-master-2 deleted
[2026-07-07 22:52:57] [INFO]   Deleting k3s-master-3...
Server k3s-master-3 deleted
[2026-07-07 22:53:16] [INFO]   Deleting k3s-worker-1...
Server k3s-worker-1 deleted
[2026-07-07 22:53:36] [SUCCESS] All existing cluster servers cleaned up
[2026-07-07 22:53:36] [INFO] Creating 3 master node(s)...
[2026-07-07 22:53:36] [INFO] Processing server: k3s-master-1 (role: master)
[2026-07-07 22:53:36] [INFO] Server 'k3s-master-1' does not exist - creating new
[2026-07-07 22:53:36] [INFO] Creating server 'k3s-master-1' with type=cx23, image=403783838, location=nbg1
