[2026-07-05 21:55:50] [INFO] === Hetzner K3S Server Creation ===
[2026-07-05 21:55:50] [INFO] Log file: hcloud_create_servers_1783281350.log
[2026-07-05 21:55:50] [INFO] Validating prerequisites...
[2026-07-05 21:55:50] [SUCCESS] hcloud CLI found: hcloud v1.43.1
[2026-07-05 21:55:50] [SUCCESS] HCLOUD_TOKEN authenticated
[2026-07-05 21:55:51] [SUCCESS] SSH key 'SN_SSH' found
[2026-07-05 21:55:51] [SUCCESS] Private network 'k3s-int-net-1' found
[2026-07-05 21:55:51] [INFO] Verifying image availability...
[2026-07-05 21:55:51] [INFO] Creating 3 master node(s)...
[2026-07-05 21:55:51] [INFO] Processing server: k3s-master-1 (role: master)
[2026-07-05 21:55:51] [INFO] Server 'k3s-master-1' already exists
[2026-07-05 21:55:51] [WARN] Server exists but UPDATE=0. Deleting and recreating...
[2026-07-05 21:55:51] [WARN] Deleting server 'k3s-master-1'...
Server k3s-master-1 deleted
[2026-07-05 21:56:09] [SUCCESS] Server 'k3s-master-1' deleted successfully
[2026-07-05 21:56:09] [INFO] Creating server 'k3s-master-1' with type=cx23, image=403783838, location=nbg1
[2026-07-05 21:56:20] [SUCCESS] Server 'k3s-master-1' created successfully
[2026-07-05 21:56:20] [INFO] Waiting for server 'k3s-master-1' to be ready (max 30s)...
[2026-07-05 21:56:21] [INFO] Server status: unknown (waiting...)
[2026-07-05 21:56:26] [INFO] Server status: unknown (waiting...)
[2026-07-05 21:56:31] [INFO] Server status: unknown (waiting...)
[2026-07-05 21:56:36] [INFO] Server status: unknown (waiting...)
[2026-07-05 21:56:42] [INFO] Server status: unknown (waiting...)
[2026-07-05 21:56:45] [INFO] Server status: unknown (waiting...)
[2026-07-05 21:56:50] [WARN] Timeout waiting for server 'k3s-master-1' to be ready
[2026-07-05 21:56:50] [INFO] Attaching server 'k3s-master-1' to network 'k3s-int-net-1'...
[2026-07-05 21:57:00] [SUCCESS] Server 'k3s-master-1' attached to network
[2026-07-05 21:57:00] [INFO] Retrieving IP address for 'k3s-master-1'...
[2026-07-05 21:57:00] [SUCCESS] Public IP: 91.98.125.143
[2026-07-05 21:57:00] [INFO] Private IP: 10.0.0.2
[2026-07-05 21:57:00] [SUCCESS] Exported: IP_MASTER_1=91.98.125.143
[2026-07-05 21:57:05] [INFO] Processing server: k3s-master-2 (role: master)
[2026-07-05 21:57:05] [INFO] Server 'k3s-master-2' already exists
[2026-07-05 21:57:05] [WARN] Server exists but UPDATE=0. Deleting and recreating...
[2026-07-05 21:57:05] [WARN] Deleting server 'k3s-master-2'...
Server k3s-master-2 deleted
[2026-07-05 21:57:22] [SUCCESS] Server 'k3s-master-2' deleted successfully
[2026-07-05 21:57:22] [INFO] Creating server 'k3s-master-2' with type=cx23, image=403783838, location=nbg1
[2026-07-05 21:57:40] [SUCCESS] Server 'k3s-master-2' created successfully
[2026-07-05 21:57:40] [INFO] Waiting for server 'k3s-master-2' to be ready (max 30s)...
[2026-07-05 21:57:40] [INFO] Server status: unknown (waiting...)
[2026-07-05 21:57:43] [INFO] Server status: unknown (waiting...)
[2026-07-05 21:57:48] [INFO] Server status: unknown (waiting...)
[2026-07-05 21:57:54] [INFO] Server status: unknown (waiting...)
[2026-07-05 21:57:59] [INFO] Server status: unknown (waiting...)
[2026-07-05 21:58:04] [INFO] Server status: unknown (waiting...)
[2026-07-05 21:58:09] [WARN] Timeout waiting for server 'k3s-master-2' to be ready
[2026-07-05 21:58:09] [INFO] Attaching server 'k3s-master-2' to network 'k3s-int-net-1'...
[2026-07-05 21:58:15] [SUCCESS] Server 'k3s-master-2' attached to network
[2026-07-05 21:58:15] [INFO] Retrieving IP address for 'k3s-master-2'...
[2026-07-05 21:58:15] [SUCCESS] Public IP: 167.233.146.216
[2026-07-05 21:58:15] [INFO] Private IP: 10.0.0.3
[2026-07-05 21:58:15] [SUCCESS] Exported: IP_MASTER_2=167.233.146.216
[2026-07-05 21:58:20] [INFO] Processing server: k3s-master-3 (role: master)
[2026-07-05 21:58:21] [INFO] Server 'k3s-master-3' already exists
[2026-07-05 21:58:21] [WARN] Server exists but UPDATE=0. Deleting and recreating...
[2026-07-05 21:58:21] [WARN] Deleting server 'k3s-master-3'...
Server k3s-master-3 deleted
[2026-07-05 21:58:39] [SUCCESS] Server 'k3s-master-3' deleted successfully
[2026-07-05 21:58:39] [INFO] Creating server 'k3s-master-3' with type=cx23, image=403783838, location=nbg1
[2026-07-05 21:58:49] [SUCCESS] Server 'k3s-master-3' created successfully
[2026-07-05 21:58:49] [INFO] Waiting for server 'k3s-master-3' to be ready (max 30s)...
[2026-07-05 21:58:49] [INFO] Server status: unknown (waiting...)
[2026-07-05 21:58:55] [INFO] Server status: unknown (waiting...)
[2026-07-05 21:59:00] [INFO] Server status: unknown (waiting...)
[2026-07-05 21:59:05] [INFO] Server status: unknown (waiting...)
[2026-07-05 21:59:10] [INFO] Server status: unknown (waiting...)
[2026-07-05 21:59:14] [INFO] Server status: unknown (waiting...)
[2026-07-05 21:59:19] [WARN] Timeout waiting for server 'k3s-master-3' to be ready
[2026-07-05 21:59:19] [INFO] Attaching server 'k3s-master-3' to network 'k3s-int-net-1'...
[2026-07-05 21:59:27] [SUCCESS] Server 'k3s-master-3' attached to network
[2026-07-05 21:59:27] [INFO] Retrieving IP address for 'k3s-master-3'...
[2026-07-05 21:59:27] [SUCCESS] Public IP: 167.233.155.87
[2026-07-05 21:59:27] [INFO] Private IP: 10.0.0.6
[2026-07-05 21:59:27] [SUCCESS] Exported: IP_MASTER_3=167.233.155.87
[2026-07-05 21:59:27] [INFO] Creating 3 worker node(s)...
[2026-07-05 21:59:27] [INFO] Processing server: k3s-worker-1 (role: worker)
[2026-07-05 21:59:27] [INFO] Server 'k3s-worker-1' already exists
[2026-07-05 21:59:27] [WARN] Server exists but UPDATE=0. Deleting and recreating...
[2026-07-05 21:59:27] [WARN] Deleting server 'k3s-worker-1'...
Server k3s-worker-1 deleted
[2026-07-05 21:59:42] [SUCCESS] Server 'k3s-worker-1' deleted successfully
[2026-07-05 21:59:42] [INFO] Creating server 'k3s-worker-1' with type=cx23, image=403783838, location=fsn1
[2026-07-05 21:59:50] [SUCCESS] Server 'k3s-worker-1' created successfully
[2026-07-05 21:59:50] [INFO] Waiting for server 'k3s-worker-1' to be ready (max 30s)...
[2026-07-05 21:59:50] [INFO] Server status: unknown (waiting...)
[2026-07-05 21:59:55] [INFO] Server status: unknown (waiting...)
[2026-07-05 22:00:01] [INFO] Server status: unknown (waiting...)
[2026-07-05 22:00:06] [INFO] Server status: unknown (waiting...)
[2026-07-05 22:00:11] [INFO] Server status: unknown (waiting...)
[2026-07-05 22:00:14] [INFO] Server status: unknown (waiting...)
[2026-07-05 22:00:19] [WARN] Timeout waiting for server 'k3s-worker-1' to be ready
[2026-07-05 22:00:19] [INFO] Attaching server 'k3s-worker-1' to network 'k3s-int-net-1'...
[2026-07-05 22:00:29] [SUCCESS] Server 'k3s-worker-1' attached to network
[2026-07-05 22:00:29] [INFO] Retrieving IP address for 'k3s-worker-1'...
[2026-07-05 22:00:29] [SUCCESS] Public IP: 167.233.206.254
[2026-07-05 22:00:29] [INFO] Private IP: 10.0.0.4
[2026-07-05 22:00:29] [SUCCESS] Exported: IP_WORKER_1=167.233.206.254
[2026-07-05 22:00:34] [INFO] Processing server: k3s-worker-2 (role: worker)
[2026-07-05 22:00:34] [INFO] Server 'k3s-worker-2' already exists
[2026-07-05 22:00:34] [WARN] Server exists but UPDATE=0. Deleting and recreating...
[2026-07-05 22:00:34] [WARN] Deleting server 'k3s-worker-2'...
Server k3s-worker-2 deleted
[2026-07-05 22:00:49] [SUCCESS] Server 'k3s-worker-2' deleted successfully
[2026-07-05 22:00:49] [INFO] Creating server 'k3s-worker-2' with type=cx23, image=403783838, location=fsn1
[2026-07-05 22:01:05] [SUCCESS] Server 'k3s-worker-2' created successfully
[2026-07-05 22:01:05] [INFO] Waiting for server 'k3s-worker-2' to be ready (max 30s)...
[2026-07-05 22:01:05] [INFO] Server status: unknown (waiting...)
[2026-07-05 22:01:10] [INFO] Server status: unknown (waiting...)
[2026-07-05 22:01:13] [INFO] Server status: unknown (waiting...)
[2026-07-05 22:01:19] [INFO] Server status: unknown (waiting...)
[2026-07-05 22:01:24] [INFO] Server status: unknown (waiting...)
[2026-07-05 22:01:29] [INFO] Server status: unknown (waiting...)
[2026-07-05 22:01:34] [WARN] Timeout waiting for server 'k3s-worker-2' to be ready
[2026-07-05 22:01:34] [INFO] Attaching server 'k3s-worker-2' to network 'k3s-int-net-1'...
[2026-07-05 22:01:43] [SUCCESS] Server 'k3s-worker-2' attached to network
[2026-07-05 22:01:43] [INFO] Retrieving IP address for 'k3s-worker-2'...
[2026-07-05 22:01:43] [SUCCESS] Public IP: 167.233.238.213
[2026-07-05 22:01:43] [INFO] Private IP: 10.0.0.5
[2026-07-05 22:01:43] [SUCCESS] Exported: IP_WORKER_2=167.233.238.213
[2026-07-05 22:01:46] [INFO] Processing server: k3s-worker-3 (role: worker)
[2026-07-05 22:01:46] [INFO] Server 'k3s-worker-3' already exists
[2026-07-05 22:01:46] [WARN] Server exists but UPDATE=0. Deleting and recreating...
[2026-07-05 22:01:46] [WARN] Deleting server 'k3s-worker-3'...
Server k3s-worker-3 deleted
[2026-07-05 22:02:11] [SUCCESS] Server 'k3s-worker-3' deleted successfully
[2026-07-05 22:02:11] [INFO] Creating server 'k3s-worker-3' with type=cx23, image=403783838, location=fsn1
[2026-07-05 22:02:26] [SUCCESS] Server 'k3s-worker-3' created successfully
[2026-07-05 22:02:26] [INFO] Waiting for server 'k3s-worker-3' to be ready (max 30s)...
[2026-07-05 22:02:26] [INFO] Server status: unknown (waiting...)
[2026-07-05 22:02:32] [INFO] Server status: unknown (waiting...)
[2026-07-05 22:02:37] [INFO] Server status: unknown (waiting...)
[2026-07-05 22:02:42] [INFO] Server status: unknown (waiting...)
[2026-07-05 22:02:45] [INFO] Server status: unknown (waiting...)
[2026-07-05 22:02:51] [INFO] Server status: unknown (waiting...)
[2026-07-05 22:02:56] [WARN] Timeout waiting for server 'k3s-worker-3' to be ready
[2026-07-05 22:02:56] [INFO] Attaching server 'k3s-worker-3' to network 'k3s-int-net-1'...
[2026-07-05 22:03:04] [SUCCESS] Server 'k3s-worker-3' attached to network
[2026-07-05 22:03:04] [INFO] Retrieving IP address for 'k3s-worker-3'...
[2026-07-05 22:03:04] [SUCCESS] Public IP: 46.225.150.185
[2026-07-05 22:03:04] [INFO] Private IP: 10.0.0.7
[2026-07-05 22:03:04] [SUCCESS] Exported: IP_WORKER_3=46.225.150.185
[2026-07-05 22:03:04] [INFO] Exporting server inventory...
[2026-07-05 22:03:04] [SUCCESS] IPs exported to hcloud_server_ips.env
[2026-07-05 22:03:04] [INFO] Exporting Ansible inventory...
[2026-07-05 22:03:04] [SUCCESS] Ansible inventory exported to hcloud_servers_inventory.yml
[2026-07-05 22:03:04] [INFO] ==========================================
[2026-07-05 22:03:04] [INFO] K3S SERVER CREATION SUMMARY
[2026-07-05 22:03:04] [INFO] ==========================================
[2026-07-05 22:03:04] [INFO] Masters: 3
[2026-07-05 22:03:04] [INFO] Workers: 3
[2026-07-05 22:03:04] [INFO] Total Servers: 6
[2026-07-05 22:03:04] [INFO] 
[2026-07-05 22:03:04] [INFO] Master IPs:
[2026-07-05 22:03:04] [INFO]   k3s-master-1: 91.98.125.143
[2026-07-05 22:03:04] [INFO]   k3s-master-2: 167.233.146.216
[2026-07-05 22:03:04] [INFO]   k3s-master-3: 167.233.155.87
[2026-07-05 22:03:04] [INFO] 
[2026-07-05 22:03:04] [INFO] Worker IPs:
[2026-07-05 22:03:04] [INFO]   k3s-worker-1: 167.233.206.254
[2026-07-05 22:03:04] [INFO]   k3s-worker-2: 167.233.238.213
[2026-07-05 22:03:04] [INFO]   k3s-worker-3: 46.225.150.185
[2026-07-05 22:03:04] [INFO] 
[2026-07-05 22:03:05] [INFO] Next Steps:
[2026-07-05 22:03:05] [INFO]   1. source hcloud_server_ips.env
[2026-07-05 22:03:05] [INFO]   2. Wait for servers to boot (2-3 minutes)
[2026-07-05 22:03:05] [INFO]   3. Run Ansible bootstrap: ansible-playbook bootstrap-os.yml
[2026-07-05 22:03:05] [INFO]   4. Install K3S: ansible-playbook install-k3s-servers.yml
[2026-07-05 22:03:05] [INFO] 
[2026-07-05 22:03:05] [INFO] Log file: hcloud_create_servers_1783281350.log
[2026-07-05 22:03:05] [INFO] ==========================================
[2026-07-05 22:03:05] [SUCCESS] Server creation completed successfully!
